
AVRASM ver. 2.1.30  C:\Users\Behrad\Desktop\AwesomeCalculator\List\AwesomeCalculator.asm Sat Jan 09 22:49:53 2021

C:\Users\Behrad\Desktop\AwesomeCalculator\List\AwesomeCalculator.asm(1059): warning: Register r5 already defined by the .DEF directive
C:\Users\Behrad\Desktop\AwesomeCalculator\List\AwesomeCalculator.asm(1060): warning: Register r4 already defined by the .DEF directive
C:\Users\Behrad\Desktop\AwesomeCalculator\List\AwesomeCalculator.asm(1061): warning: Register r6 already defined by the .DEF directive
C:\Users\Behrad\Desktop\AwesomeCalculator\List\AwesomeCalculator.asm(1062): warning: Register r8 already defined by the .DEF directive
C:\Users\Behrad\Desktop\AwesomeCalculator\List\AwesomeCalculator.asm(1063): warning: Register r10 already defined by the .DEF directive
C:\Users\Behrad\Desktop\AwesomeCalculator\List\AwesomeCalculator.asm(1064): warning: Register r12 already defined by the .DEF directive
                 
                 
                 ;CodeVisionAVR C Compiler V2.05.0 Advanced
                 ;(C) Copyright 1998-2010 Pavel Haiduc, HP InfoTech s.r.l.
                 ;http://www.hpinfotech.com
                 
                 ;Chip type                : ATmega16
                 ;Program type             : Application
                 ;Clock frequency          : 40.000000 MHz
                 ;Memory model             : Small
                 ;Optimize for             : Size
                 ;(s)printf features       : int, width
                 ;(s)scanf features        : int, width
                 ;External RAM size        : 0
                 ;Data Stack size          : 256 byte(s)
                 ;Heap size                : 0 byte(s)
                 ;Promote 'char' to 'int'  : Yes
                 ;'char' is unsigned       : Yes
                 ;8 bit enums              : Yes
                 ;global 'const' stored in FLASH: No
                 ;Enhanced core instructions    : On
                 ;Smart register allocation     : On
                 ;Automatic register allocation : On
                 
                 	#pragma AVRPART ADMIN PART_NAME ATmega16
                 	#pragma AVRPART MEMORY PROG_FLASH 16384
                 	#pragma AVRPART MEMORY EEPROM 512
                 	#pragma AVRPART MEMORY INT_SRAM SIZE 1119
                 	#pragma AVRPART MEMORY INT_SRAM START_ADDR 0x60
                 
                 	#define CALL_SUPPORTED 1
                 
                 	.LISTMAC
                 	.EQU UDRE=0x5
                 	.EQU RXC=0x7
                 	.EQU USR=0xB
                 	.EQU UDR=0xC
                 	.EQU SPSR=0xE
                 	.EQU SPDR=0xF
                 	.EQU EERE=0x0
                 	.EQU EEWE=0x1
                 	.EQU EEMWE=0x2
                 	.EQU EECR=0x1C
                 	.EQU EEDR=0x1D
                 	.EQU EEARL=0x1E
                 	.EQU EEARH=0x1F
                 	.EQU WDTCR=0x21
                 	.EQU MCUCR=0x35
                 	.EQU GICR=0x3B
                 	.EQU SPL=0x3D
                 	.EQU SPH=0x3E
                 	.EQU SREG=0x3F
                 
                 	.DEF R0X0=R0
                 	.DEF R0X1=R1
                 	.DEF R0X2=R2
                 	.DEF R0X3=R3
                 	.DEF R0X4=R4
                 	.DEF R0X5=R5
                 	.DEF R0X6=R6
                 	.DEF R0X7=R7
                 	.DEF R0X8=R8
                 	.DEF R0X9=R9
                 	.DEF R0XA=R10
                 	.DEF R0XB=R11
                 	.DEF R0XC=R12
                 	.DEF R0XD=R13
                 	.DEF R0XE=R14
                 	.DEF R0XF=R15
                 	.DEF R0X10=R16
                 	.DEF R0X11=R17
                 	.DEF R0X12=R18
                 	.DEF R0X13=R19
                 	.DEF R0X14=R20
                 	.DEF R0X15=R21
                 	.DEF R0X16=R22
                 	.DEF R0X17=R23
                 	.DEF R0X18=R24
                 	.DEF R0X19=R25
                 	.DEF R0X1A=R26
                 	.DEF R0X1B=R27
                 	.DEF R0X1C=R28
                 	.DEF R0X1D=R29
                 	.DEF R0X1E=R30
                 	.DEF R0X1F=R31
                 
                 	.EQU __SRAM_START=0x0060
                 	.EQU __SRAM_END=0x045F
                 	.EQU __DSTACK_SIZE=0x0100
                 	.EQU __HEAP_SIZE=0x0000
                 	.EQU __CLEAR_SRAM_SIZE=__SRAM_END-__SRAM_START+1
                 
                 	.MACRO __CPD1N
                 	CPI  R30,LOW(@0)
                 	LDI  R26,HIGH(@0)
                 	CPC  R31,R26
                 	LDI  R26,BYTE3(@0)
                 	CPC  R22,R26
                 	LDI  R26,BYTE4(@0)
                 	CPC  R23,R26
                 	.ENDM
                 
                 	.MACRO __CPD2N
                 	CPI  R26,LOW(@0)
                 	LDI  R30,HIGH(@0)
                 	CPC  R27,R30
                 	LDI  R30,BYTE3(@0)
                 	CPC  R24,R30
                 	LDI  R30,BYTE4(@0)
                 	CPC  R25,R30
                 	.ENDM
                 
                 	.MACRO __CPWRR
                 	CP   R@0,R@2
                 	CPC  R@1,R@3
                 	.ENDM
                 
                 	.MACRO __CPWRN
                 	CPI  R@0,LOW(@2)
                 	LDI  R30,HIGH(@2)
                 	CPC  R@1,R30
                 	.ENDM
                 
                 	.MACRO __ADDB1MN
                 	SUBI R30,LOW(-@0-(@1))
                 	.ENDM
                 
                 	.MACRO __ADDB2MN
                 	SUBI R26,LOW(-@0-(@1))
                 	.ENDM
                 
                 	.MACRO __ADDW1MN
                 	SUBI R30,LOW(-@0-(@1))
                 	SBCI R31,HIGH(-@0-(@1))
                 	.ENDM
                 
                 	.MACRO __ADDW2MN
                 	SUBI R26,LOW(-@0-(@1))
                 	SBCI R27,HIGH(-@0-(@1))
                 	.ENDM
                 
                 	.MACRO __ADDW1FN
                 	SUBI R30,LOW(-2*@0-(@1))
                 	SBCI R31,HIGH(-2*@0-(@1))
                 	.ENDM
                 
                 	.MACRO __ADDD1FN
                 	SUBI R30,LOW(-2*@0-(@1))
                 	SBCI R31,HIGH(-2*@0-(@1))
                 	SBCI R22,BYTE3(-2*@0-(@1))
                 	.ENDM
                 
                 	.MACRO __ADDD1N
                 	SUBI R30,LOW(-@0)
                 	SBCI R31,HIGH(-@0)
                 	SBCI R22,BYTE3(-@0)
                 	SBCI R23,BYTE4(-@0)
                 	.ENDM
                 
                 	.MACRO __ADDD2N
                 	SUBI R26,LOW(-@0)
                 	SBCI R27,HIGH(-@0)
                 	SBCI R24,BYTE3(-@0)
                 	SBCI R25,BYTE4(-@0)
                 	.ENDM
                 
                 	.MACRO __SUBD1N
                 	SUBI R30,LOW(@0)
                 	SBCI R31,HIGH(@0)
                 	SBCI R22,BYTE3(@0)
                 	SBCI R23,BYTE4(@0)
                 	.ENDM
                 
                 	.MACRO __SUBD2N
                 	SUBI R26,LOW(@0)
                 	SBCI R27,HIGH(@0)
                 	SBCI R24,BYTE3(@0)
                 	SBCI R25,BYTE4(@0)
                 	.ENDM
                 
                 	.MACRO __ANDBMNN
                 	LDS  R30,@0+(@1)
                 	ANDI R30,LOW(@2)
                 	STS  @0+(@1),R30
                 	.ENDM
                 
                 	.MACRO __ANDWMNN
                 	LDS  R30,@0+(@1)
                 	ANDI R30,LOW(@2)
                 	STS  @0+(@1),R30
                 	LDS  R30,@0+(@1)+1
                 	ANDI R30,HIGH(@2)
                 	STS  @0+(@1)+1,R30
                 	.ENDM
                 
                 	.MACRO __ANDD1N
                 	ANDI R30,LOW(@0)
                 	ANDI R31,HIGH(@0)
                 	ANDI R22,BYTE3(@0)
                 	ANDI R23,BYTE4(@0)
                 	.ENDM
                 
                 	.MACRO __ANDD2N
                 	ANDI R26,LOW(@0)
                 	ANDI R27,HIGH(@0)
                 	ANDI R24,BYTE3(@0)
                 	ANDI R25,BYTE4(@0)
                 	.ENDM
                 
                 	.MACRO __ORBMNN
                 	LDS  R30,@0+(@1)
                 	ORI  R30,LOW(@2)
                 	STS  @0+(@1),R30
                 	.ENDM
                 
                 	.MACRO __ORWMNN
                 	LDS  R30,@0+(@1)
                 	ORI  R30,LOW(@2)
                 	STS  @0+(@1),R30
                 	LDS  R30,@0+(@1)+1
                 	ORI  R30,HIGH(@2)
                 	STS  @0+(@1)+1,R30
                 	.ENDM
                 
                 	.MACRO __ORD1N
                 	ORI  R30,LOW(@0)
                 	ORI  R31,HIGH(@0)
                 	ORI  R22,BYTE3(@0)
                 	ORI  R23,BYTE4(@0)
                 	.ENDM
                 
                 	.MACRO __ORD2N
                 	ORI  R26,LOW(@0)
                 	ORI  R27,HIGH(@0)
                 	ORI  R24,BYTE3(@0)
                 	ORI  R25,BYTE4(@0)
                 	.ENDM
                 
                 	.MACRO __DELAY_USB
                 	LDI  R24,LOW(@0)
                 __DELAY_USB_LOOP:
                 	DEC  R24
                 	BRNE __DELAY_USB_LOOP
                 	.ENDM
                 
                 	.MACRO __DELAY_USW
                 	LDI  R24,LOW(@0)
                 	LDI  R25,HIGH(@0)
                 __DELAY_USW_LOOP:
                 	SBIW R24,1
                 	BRNE __DELAY_USW_LOOP
                 	.ENDM
                 
                 	.MACRO __GETD1S
                 	LDD  R30,Y+@0
                 	LDD  R31,Y+@0+1
                 	LDD  R22,Y+@0+2
                 	LDD  R23,Y+@0+3
                 	.ENDM
                 
                 	.MACRO __GETD2S
                 	LDD  R26,Y+@0
                 	LDD  R27,Y+@0+1
                 	LDD  R24,Y+@0+2
                 	LDD  R25,Y+@0+3
                 	.ENDM
                 
                 	.MACRO __PUTD1S
                 	STD  Y+@0,R30
                 	STD  Y+@0+1,R31
                 	STD  Y+@0+2,R22
                 	STD  Y+@0+3,R23
                 	.ENDM
                 
                 	.MACRO __PUTD2S
                 	STD  Y+@0,R26
                 	STD  Y+@0+1,R27
                 	STD  Y+@0+2,R24
                 	STD  Y+@0+3,R25
                 	.ENDM
                 
                 	.MACRO __PUTDZ2
                 	STD  Z+@0,R26
                 	STD  Z+@0+1,R27
                 	STD  Z+@0+2,R24
                 	STD  Z+@0+3,R25
                 	.ENDM
                 
                 	.MACRO __CLRD1S
                 	STD  Y+@0,R30
                 	STD  Y+@0+1,R30
                 	STD  Y+@0+2,R30
                 	STD  Y+@0+3,R30
                 	.ENDM
                 
                 	.MACRO __POINTB1MN
                 	LDI  R30,LOW(@0+(@1))
                 	.ENDM
                 
                 	.MACRO __POINTW1MN
                 	LDI  R30,LOW(@0+(@1))
                 	LDI  R31,HIGH(@0+(@1))
                 	.ENDM
                 
                 	.MACRO __POINTD1M
                 	LDI  R30,LOW(@0)
                 	LDI  R31,HIGH(@0)
                 	LDI  R22,BYTE3(@0)
                 	LDI  R23,BYTE4(@0)
                 	.ENDM
                 
                 	.MACRO __POINTW1FN
                 	LDI  R30,LOW(2*@0+(@1))
                 	LDI  R31,HIGH(2*@0+(@1))
                 	.ENDM
                 
                 	.MACRO __POINTD1FN
                 	LDI  R30,LOW(2*@0+(@1))
                 	LDI  R31,HIGH(2*@0+(@1))
                 	LDI  R22,BYTE3(2*@0+(@1))
                 	LDI  R23,BYTE4(2*@0+(@1))
                 	.ENDM
                 
                 	.MACRO __POINTB2MN
                 	LDI  R26,LOW(@0+(@1))
                 	.ENDM
                 
                 	.MACRO __POINTW2MN
                 	LDI  R26,LOW(@0+(@1))
                 	LDI  R27,HIGH(@0+(@1))
                 	.ENDM
                 
                 	.MACRO __POINTBRM
                 	LDI  R@0,LOW(@1)
                 	.ENDM
                 
                 	.MACRO __POINTWRM
                 	LDI  R@0,LOW(@2)
                 	LDI  R@1,HIGH(@2)
                 	.ENDM
                 
                 	.MACRO __POINTBRMN
                 	LDI  R@0,LOW(@1+(@2))
                 	.ENDM
                 
                 	.MACRO __POINTWRMN
                 	LDI  R@0,LOW(@2+(@3))
                 	LDI  R@1,HIGH(@2+(@3))
                 	.ENDM
                 
                 	.MACRO __POINTWRFN
                 	LDI  R@0,LOW(@2*2+(@3))
                 	LDI  R@1,HIGH(@2*2+(@3))
                 	.ENDM
                 
                 	.MACRO __GETD1N
                 	LDI  R30,LOW(@0)
                 	LDI  R31,HIGH(@0)
                 	LDI  R22,BYTE3(@0)
                 	LDI  R23,BYTE4(@0)
                 	.ENDM
                 
                 	.MACRO __GETD2N
                 	LDI  R26,LOW(@0)
                 	LDI  R27,HIGH(@0)
                 	LDI  R24,BYTE3(@0)
                 	LDI  R25,BYTE4(@0)
                 	.ENDM
                 
                 	.MACRO __GETB1MN
                 	LDS  R30,@0+(@1)
                 	.ENDM
                 
                 	.MACRO __GETB1HMN
                 	LDS  R31,@0+(@1)
                 	.ENDM
                 
                 	.MACRO __GETW1MN
                 	LDS  R30,@0+(@1)
                 	LDS  R31,@0+(@1)+1
                 	.ENDM
                 
                 	.MACRO __GETD1MN
                 	LDS  R30,@0+(@1)
                 	LDS  R31,@0+(@1)+1
                 	LDS  R22,@0+(@1)+2
                 	LDS  R23,@0+(@1)+3
                 	.ENDM
                 
                 	.MACRO __GETBRMN
                 	LDS  R@0,@1+(@2)
                 	.ENDM
                 
                 	.MACRO __GETWRMN
                 	LDS  R@0,@2+(@3)
                 	LDS  R@1,@2+(@3)+1
                 	.ENDM
                 
                 	.MACRO __GETWRZ
                 	LDD  R@0,Z+@2
                 	LDD  R@1,Z+@2+1
                 	.ENDM
                 
                 	.MACRO __GETD2Z
                 	LDD  R26,Z+@0
                 	LDD  R27,Z+@0+1
                 	LDD  R24,Z+@0+2
                 	LDD  R25,Z+@0+3
                 	.ENDM
                 
                 	.MACRO __GETB2MN
                 	LDS  R26,@0+(@1)
                 	.ENDM
                 
                 	.MACRO __GETW2MN
                 	LDS  R26,@0+(@1)
                 	LDS  R27,@0+(@1)+1
                 	.ENDM
                 
                 	.MACRO __GETD2MN
                 	LDS  R26,@0+(@1)
                 	LDS  R27,@0+(@1)+1
                 	LDS  R24,@0+(@1)+2
                 	LDS  R25,@0+(@1)+3
                 	.ENDM
                 
                 	.MACRO __PUTB1MN
                 	STS  @0+(@1),R30
                 	.ENDM
                 
                 	.MACRO __PUTW1MN
                 	STS  @0+(@1),R30
                 	STS  @0+(@1)+1,R31
                 	.ENDM
                 
                 	.MACRO __PUTD1MN
                 	STS  @0+(@1),R30
                 	STS  @0+(@1)+1,R31
                 	STS  @0+(@1)+2,R22
                 	STS  @0+(@1)+3,R23
                 	.ENDM
                 
                 	.MACRO __PUTB1EN
                 	LDI  R26,LOW(@0+(@1))
                 	LDI  R27,HIGH(@0+(@1))
                 	CALL __EEPROMWRB
                 	.ENDM
                 
                 	.MACRO __PUTW1EN
                 	LDI  R26,LOW(@0+(@1))
                 	LDI  R27,HIGH(@0+(@1))
                 	CALL __EEPROMWRW
                 	.ENDM
                 
                 	.MACRO __PUTD1EN
                 	LDI  R26,LOW(@0+(@1))
                 	LDI  R27,HIGH(@0+(@1))
                 	CALL __EEPROMWRD
                 	.ENDM
                 
                 	.MACRO __PUTBR0MN
                 	STS  @0+(@1),R0
                 	.ENDM
                 
                 	.MACRO __PUTBMRN
                 	STS  @0+(@1),R@2
                 	.ENDM
                 
                 	.MACRO __PUTWMRN
                 	STS  @0+(@1),R@2
                 	STS  @0+(@1)+1,R@3
                 	.ENDM
                 
                 	.MACRO __PUTBZR
                 	STD  Z+@1,R@0
                 	.ENDM
                 
                 	.MACRO __PUTWZR
                 	STD  Z+@2,R@0
                 	STD  Z+@2+1,R@1
                 	.ENDM
                 
                 	.MACRO __GETW1R
                 	MOV  R30,R@0
                 	MOV  R31,R@1
                 	.ENDM
                 
                 	.MACRO __GETW2R
                 	MOV  R26,R@0
                 	MOV  R27,R@1
                 	.ENDM
                 
                 	.MACRO __GETWRN
                 	LDI  R@0,LOW(@2)
                 	LDI  R@1,HIGH(@2)
                 	.ENDM
                 
                 	.MACRO __PUTW1R
                 	MOV  R@0,R30
                 	MOV  R@1,R31
                 	.ENDM
                 
                 	.MACRO __PUTW2R
                 	MOV  R@0,R26
                 	MOV  R@1,R27
                 	.ENDM
                 
                 	.MACRO __ADDWRN
                 	SUBI R@0,LOW(-@2)
                 	SBCI R@1,HIGH(-@2)
                 	.ENDM
                 
                 	.MACRO __ADDWRR
                 	ADD  R@0,R@2
                 	ADC  R@1,R@3
                 	.ENDM
                 
                 	.MACRO __SUBWRN
                 	SUBI R@0,LOW(@2)
                 	SBCI R@1,HIGH(@2)
                 	.ENDM
                 
                 	.MACRO __SUBWRR
                 	SUB  R@0,R@2
                 	SBC  R@1,R@3
                 	.ENDM
                 
                 	.MACRO __ANDWRN
                 	ANDI R@0,LOW(@2)
                 	ANDI R@1,HIGH(@2)
                 	.ENDM
                 
                 	.MACRO __ANDWRR
                 	AND  R@0,R@2
                 	AND  R@1,R@3
                 	.ENDM
                 
                 	.MACRO __ORWRN
                 	ORI  R@0,LOW(@2)
                 	ORI  R@1,HIGH(@2)
                 	.ENDM
                 
                 	.MACRO __ORWRR
                 	OR   R@0,R@2
                 	OR   R@1,R@3
                 	.ENDM
                 
                 	.MACRO __EORWRR
                 	EOR  R@0,R@2
                 	EOR  R@1,R@3
                 	.ENDM
                 
                 	.MACRO __GETWRS
                 	LDD  R@0,Y+@2
                 	LDD  R@1,Y+@2+1
                 	.ENDM
                 
                 	.MACRO __PUTBSR
                 	STD  Y+@1,R@0
                 	.ENDM
                 
                 	.MACRO __PUTWSR
                 	STD  Y+@2,R@0
                 	STD  Y+@2+1,R@1
                 	.ENDM
                 
                 	.MACRO __MOVEWRR
                 	MOV  R@0,R@2
                 	MOV  R@1,R@3
                 	.ENDM
                 
                 	.MACRO __INWR
                 	IN   R@0,@2
                 	IN   R@1,@2+1
                 	.ENDM
                 
                 	.MACRO __OUTWR
                 	OUT  @2+1,R@1
                 	OUT  @2,R@0
                 	.ENDM
                 
                 	.MACRO __CALL1MN
                 	LDS  R30,@0+(@1)
                 	LDS  R31,@0+(@1)+1
                 	ICALL
                 	.ENDM
                 
                 	.MACRO __CALL1FN
                 	LDI  R30,LOW(2*@0+(@1))
                 	LDI  R31,HIGH(2*@0+(@1))
                 	CALL __GETW1PF
                 	ICALL
                 	.ENDM
                 
                 	.MACRO __CALL2EN
                 	LDI  R26,LOW(@0+(@1))
                 	LDI  R27,HIGH(@0+(@1))
                 	CALL __EEPROMRDW
                 	ICALL
                 	.ENDM
                 
                 	.MACRO __GETW1STACK
                 	IN   R26,SPL
                 	IN   R27,SPH
                 	ADIW R26,@0+1
                 	LD   R30,X+
                 	LD   R31,X
                 	.ENDM
                 
                 	.MACRO __GETD1STACK
                 	IN   R26,SPL
                 	IN   R27,SPH
                 	ADIW R26,@0+1
                 	LD   R30,X+
                 	LD   R31,X+
                 	LD   R22,X
                 	.ENDM
                 
                 	.MACRO __NBST
                 	BST  R@0,@1
                 	IN   R30,SREG
                 	LDI  R31,0x40
                 	EOR  R30,R31
                 	OUT  SREG,R30
                 	.ENDM
                 
                 
                 	.MACRO __PUTB1SN
                 	LDD  R26,Y+@0
                 	LDD  R27,Y+@0+1
                 	SUBI R26,LOW(-@1)
                 	SBCI R27,HIGH(-@1)
                 	ST   X,R30
                 	.ENDM
                 
                 	.MACRO __PUTW1SN
                 	LDD  R26,Y+@0
                 	LDD  R27,Y+@0+1
                 	SUBI R26,LOW(-@1)
                 	SBCI R27,HIGH(-@1)
                 	ST   X+,R30
                 	ST   X,R31
                 	.ENDM
                 
                 	.MACRO __PUTD1SN
                 	LDD  R26,Y+@0
                 	LDD  R27,Y+@0+1
                 	SUBI R26,LOW(-@1)
                 	SBCI R27,HIGH(-@1)
                 	CALL __PUTDP1
                 	.ENDM
                 
                 	.MACRO __PUTB1SNS
                 	LDD  R26,Y+@0
                 	LDD  R27,Y+@0+1
                 	ADIW R26,@1
                 	ST   X,R30
                 	.ENDM
                 
                 	.MACRO __PUTW1SNS
                 	LDD  R26,Y+@0
                 	LDD  R27,Y+@0+1
                 	ADIW R26,@1
                 	ST   X+,R30
                 	ST   X,R31
                 	.ENDM
                 
                 	.MACRO __PUTD1SNS
                 	LDD  R26,Y+@0
                 	LDD  R27,Y+@0+1
                 	ADIW R26,@1
                 	CALL __PUTDP1
                 	.ENDM
                 
                 	.MACRO __PUTB1PMN
                 	LDS  R26,@0
                 	LDS  R27,@0+1
                 	SUBI R26,LOW(-@1)
                 	SBCI R27,HIGH(-@1)
                 	ST   X,R30
                 	.ENDM
                 
                 	.MACRO __PUTW1PMN
                 	LDS  R26,@0
                 	LDS  R27,@0+1
                 	SUBI R26,LOW(-@1)
                 	SBCI R27,HIGH(-@1)
                 	ST   X+,R30
                 	ST   X,R31
                 	.ENDM
                 
                 	.MACRO __PUTD1PMN
                 	LDS  R26,@0
                 	LDS  R27,@0+1
                 	SUBI R26,LOW(-@1)
                 	SBCI R27,HIGH(-@1)
                 	CALL __PUTDP1
                 	.ENDM
                 
                 	.MACRO __PUTB1PMNS
                 	LDS  R26,@0
                 	LDS  R27,@0+1
                 	ADIW R26,@1
                 	ST   X,R30
                 	.ENDM
                 
                 	.MACRO __PUTW1PMNS
                 	LDS  R26,@0
                 	LDS  R27,@0+1
                 	ADIW R26,@1
                 	ST   X+,R30
                 	ST   X,R31
                 	.ENDM
                 
                 	.MACRO __PUTD1PMNS
                 	LDS  R26,@0
                 	LDS  R27,@0+1
                 	ADIW R26,@1
                 	CALL __PUTDP1
                 	.ENDM
                 
                 	.MACRO __PUTB1RN
                 	MOVW R26,R@0
                 	SUBI R26,LOW(-@1)
                 	SBCI R27,HIGH(-@1)
                 	ST   X,R30
                 	.ENDM
                 
                 	.MACRO __PUTW1RN
                 	MOVW R26,R@0
                 	SUBI R26,LOW(-@1)
                 	SBCI R27,HIGH(-@1)
                 	ST   X+,R30
                 	ST   X,R31
                 	.ENDM
                 
                 	.MACRO __PUTD1RN
                 	MOVW R26,R@0
                 	SUBI R26,LOW(-@1)
                 	SBCI R27,HIGH(-@1)
                 	CALL __PUTDP1
                 	.ENDM
                 
                 	.MACRO __PUTB1RNS
                 	MOVW R26,R@0
                 	ADIW R26,@1
                 	ST   X,R30
                 	.ENDM
                 
                 	.MACRO __PUTW1RNS
                 	MOVW R26,R@0
                 	ADIW R26,@1
                 	ST   X+,R30
                 	ST   X,R31
                 	.ENDM
                 
                 	.MACRO __PUTD1RNS
                 	MOVW R26,R@0
                 	ADIW R26,@1
                 	CALL __PUTDP1
                 	.ENDM
                 
                 	.MACRO __PUTB1RON
                 	MOV  R26,R@0
                 	MOV  R27,R@1
                 	SUBI R26,LOW(-@2)
                 	SBCI R27,HIGH(-@2)
                 	ST   X,R30
                 	.ENDM
                 
                 	.MACRO __PUTW1RON
                 	MOV  R26,R@0
                 	MOV  R27,R@1
                 	SUBI R26,LOW(-@2)
                 	SBCI R27,HIGH(-@2)
                 	ST   X+,R30
                 	ST   X,R31
                 	.ENDM
                 
                 	.MACRO __PUTD1RON
                 	MOV  R26,R@0
                 	MOV  R27,R@1
                 	SUBI R26,LOW(-@2)
                 	SBCI R27,HIGH(-@2)
                 	CALL __PUTDP1
                 	.ENDM
                 
                 	.MACRO __PUTB1RONS
                 	MOV  R26,R@0
                 	MOV  R27,R@1
                 	ADIW R26,@2
                 	ST   X,R30
                 	.ENDM
                 
                 	.MACRO __PUTW1RONS
                 	MOV  R26,R@0
                 	MOV  R27,R@1
                 	ADIW R26,@2
                 	ST   X+,R30
                 	ST   X,R31
                 	.ENDM
                 
                 	.MACRO __PUTD1RONS
                 	MOV  R26,R@0
                 	MOV  R27,R@1
                 	ADIW R26,@2
                 	CALL __PUTDP1
                 	.ENDM
                 
                 
                 	.MACRO __GETB1SX
                 	MOVW R30,R28
                 	SUBI R30,LOW(-@0)
                 	SBCI R31,HIGH(-@0)
                 	LD   R30,Z
                 	.ENDM
                 
                 	.MACRO __GETB1HSX
                 	MOVW R30,R28
                 	SUBI R30,LOW(-@0)
                 	SBCI R31,HIGH(-@0)
                 	LD   R31,Z
                 	.ENDM
                 
                 	.MACRO __GETW1SX
                 	MOVW R30,R28
                 	SUBI R30,LOW(-@0)
                 	SBCI R31,HIGH(-@0)
                 	LD   R0,Z+
                 	LD   R31,Z
                 	MOV  R30,R0
                 	.ENDM
                 
                 	.MACRO __GETD1SX
                 	MOVW R30,R28
                 	SUBI R30,LOW(-@0)
                 	SBCI R31,HIGH(-@0)
                 	LD   R0,Z+
                 	LD   R1,Z+
                 	LD   R22,Z+
                 	LD   R23,Z
                 	MOVW R30,R0
                 	.ENDM
                 
                 	.MACRO __GETB2SX
                 	MOVW R26,R28
                 	SUBI R26,LOW(-@0)
                 	SBCI R27,HIGH(-@0)
                 	LD   R26,X
                 	.ENDM
                 
                 	.MACRO __GETW2SX
                 	MOVW R26,R28
                 	SUBI R26,LOW(-@0)
                 	SBCI R27,HIGH(-@0)
                 	LD   R0,X+
                 	LD   R27,X
                 	MOV  R26,R0
                 	.ENDM
                 
                 	.MACRO __GETD2SX
                 	MOVW R26,R28
                 	SUBI R26,LOW(-@0)
                 	SBCI R27,HIGH(-@0)
                 	LD   R0,X+
                 	LD   R1,X+
                 	LD   R24,X+
                 	LD   R25,X
                 	MOVW R26,R0
                 	.ENDM
                 
                 	.MACRO __GETBRSX
                 	MOVW R30,R28
                 	SUBI R30,LOW(-@1)
                 	SBCI R31,HIGH(-@1)
                 	LD   R@0,Z
                 	.ENDM
                 
                 	.MACRO __GETWRSX
                 	MOVW R30,R28
                 	SUBI R30,LOW(-@2)
                 	SBCI R31,HIGH(-@2)
                 	LD   R@0,Z+
                 	LD   R@1,Z
                 	.ENDM
                 
                 	.MACRO __GETBRSX2
                 	MOVW R26,R28
                 	SUBI R26,LOW(-@1)
                 	SBCI R27,HIGH(-@1)
                 	LD   R@0,X
                 	.ENDM
                 
                 	.MACRO __GETWRSX2
                 	MOVW R26,R28
                 	SUBI R26,LOW(-@2)
                 	SBCI R27,HIGH(-@2)
                 	LD   R@0,X+
                 	LD   R@1,X
                 	.ENDM
                 
                 	.MACRO __LSLW8SX
                 	MOVW R30,R28
                 	SUBI R30,LOW(-@0)
                 	SBCI R31,HIGH(-@0)
                 	LD   R31,Z
                 	CLR  R30
                 	.ENDM
                 
                 	.MACRO __PUTB1SX
                 	MOVW R26,R28
                 	SUBI R26,LOW(-@0)
                 	SBCI R27,HIGH(-@0)
                 	ST   X,R30
                 	.ENDM
                 
                 	.MACRO __PUTW1SX
                 	MOVW R26,R28
                 	SUBI R26,LOW(-@0)
                 	SBCI R27,HIGH(-@0)
                 	ST   X+,R30
                 	ST   X,R31
                 	.ENDM
                 
                 	.MACRO __PUTD1SX
                 	MOVW R26,R28
                 	SUBI R26,LOW(-@0)
                 	SBCI R27,HIGH(-@0)
                 	ST   X+,R30
                 	ST   X+,R31
                 	ST   X+,R22
                 	ST   X,R23
                 	.ENDM
                 
                 	.MACRO __CLRW1SX
                 	MOVW R26,R28
                 	SUBI R26,LOW(-@0)
                 	SBCI R27,HIGH(-@0)
                 	ST   X+,R30
                 	ST   X,R30
                 	.ENDM
                 
                 	.MACRO __CLRD1SX
                 	MOVW R26,R28
                 	SUBI R26,LOW(-@0)
                 	SBCI R27,HIGH(-@0)
                 	ST   X+,R30
                 	ST   X+,R30
                 	ST   X+,R30
                 	ST   X,R30
                 	.ENDM
                 
                 	.MACRO __PUTB2SX
                 	MOVW R30,R28
                 	SUBI R30,LOW(-@0)
                 	SBCI R31,HIGH(-@0)
                 	ST   Z,R26
                 	.ENDM
                 
                 	.MACRO __PUTW2SX
                 	MOVW R30,R28
                 	SUBI R30,LOW(-@0)
                 	SBCI R31,HIGH(-@0)
                 	ST   Z+,R26
                 	ST   Z,R27
                 	.ENDM
                 
                 	.MACRO __PUTD2SX
                 	MOVW R30,R28
                 	SUBI R30,LOW(-@0)
                 	SBCI R31,HIGH(-@0)
                 	ST   Z+,R26
                 	ST   Z+,R27
                 	ST   Z+,R24
                 	ST   Z,R25
                 	.ENDM
                 
                 	.MACRO __PUTBSRX
                 	MOVW R30,R28
                 	SUBI R30,LOW(-@1)
                 	SBCI R31,HIGH(-@1)
                 	ST   Z,R@0
                 	.ENDM
                 
                 	.MACRO __PUTWSRX
                 	MOVW R30,R28
                 	SUBI R30,LOW(-@2)
                 	SBCI R31,HIGH(-@2)
                 	ST   Z+,R@0
                 	ST   Z,R@1
                 	.ENDM
                 
                 	.MACRO __PUTB1SNX
                 	MOVW R26,R28
                 	SUBI R26,LOW(-@0)
                 	SBCI R27,HIGH(-@0)
                 	LD   R0,X+
                 	LD   R27,X
                 	MOV  R26,R0
                 	SUBI R26,LOW(-@1)
                 	SBCI R27,HIGH(-@1)
                 	ST   X,R30
                 	.ENDM
                 
                 	.MACRO __PUTW1SNX
                 	MOVW R26,R28
                 	SUBI R26,LOW(-@0)
                 	SBCI R27,HIGH(-@0)
                 	LD   R0,X+
                 	LD   R27,X
                 	MOV  R26,R0
                 	SUBI R26,LOW(-@1)
                 	SBCI R27,HIGH(-@1)
                 	ST   X+,R30
                 	ST   X,R31
                 	.ENDM
                 
                 	.MACRO __PUTD1SNX
                 	MOVW R26,R28
                 	SUBI R26,LOW(-@0)
                 	SBCI R27,HIGH(-@0)
                 	LD   R0,X+
                 	LD   R27,X
                 	MOV  R26,R0
                 	SUBI R26,LOW(-@1)
                 	SBCI R27,HIGH(-@1)
                 	ST   X+,R30
                 	ST   X+,R31
                 	ST   X+,R22
                 	ST   X,R23
                 	.ENDM
                 
                 	.MACRO __MULBRR
                 	MULS R@0,R@1
                 	MOVW R30,R0
                 	.ENDM
                 
                 	.MACRO __MULBRRU
                 	MUL  R@0,R@1
                 	MOVW R30,R0
                 	.ENDM
                 
                 	.MACRO __MULBRR0
                 	MULS R@0,R@1
                 	.ENDM
                 
                 	.MACRO __MULBRRU0
                 	MUL  R@0,R@1
                 	.ENDM
                 
                 	.MACRO __MULBNWRU
                 	LDI  R26,@2
                 	MUL  R26,R@0
                 	MOVW R30,R0
                 	MUL  R26,R@1
                 	ADD  R31,R0
                 	.ENDM
                 
                 ;NAME DEFINITIONS FOR GLOBAL VARIABLES ALLOCATED TO REGISTERS
                 	.DEF _currenct_selected_button=R5
                 	.DEF _currenct_operator=R4
                 	.DEF _index=R6
                 	.DEF _row=R8
                 	.DEF _col=R10
                 	.DEF _colRow=R12
                 
                 	.CSEG
                 	.ORG 0x00
                 
                 ;START OF CODE MARKER
                 __START_OF_CODE:
                 
                 ;INTERRUPT VECTORS
000000 940c 005d 	JMP  __RESET
000002 940c 0000 	JMP  0x00
000004 940c 0000 	JMP  0x00
000006 940c 0000 	JMP  0x00
000008 940c 0000 	JMP  0x00
00000a 940c 0000 	JMP  0x00
00000c 940c 0000 	JMP  0x00
00000e 940c 0000 	JMP  0x00
000010 940c 0000 	JMP  0x00
000012 940c 0000 	JMP  0x00
000014 940c 0000 	JMP  0x00
000016 940c 0000 	JMP  0x00
000018 940c 0000 	JMP  0x00
00001a 940c 0000 	JMP  0x00
00001c 940c 0000 	JMP  0x00
00001e 940c 0000 	JMP  0x00
000020 940c 0000 	JMP  0x00
000022 940c 0000 	JMP  0x00
000024 940c 0000 	JMP  0x00
000026 940c 0000 	JMP  0x00
000028 940c 0000 	JMP  0x00
                 
                 _tbl10_G101:
00002a 2710
00002b 03e8
00002c 0064
00002d 000a      	.DB  0x10,0x27,0xE8,0x3,0x64,0x0,0xA,0x0
00002e 0001      	.DB  0x1,0x0
                 _tbl16_G101:
00002f 1000
000030 0100
000031 0010
000032 0001      	.DB  0x0,0x10,0x0,0x1,0x10,0x0,0x1,0x0
                 
                 _0x3:
000033 0028
000034 0014
000035 0024
000036 0044      	.DB  0x28,0x0,0x14,0x0,0x24,0x0,0x44,0x0
000037 0012
000038 0022
000039 0042
00003a 0011      	.DB  0x12,0x0,0x22,0x0,0x42,0x0,0x11,0x0
00003b 0021
00003c 0041
00003d 0081
00003e 0082      	.DB  0x21,0x0,0x41,0x0,0x81,0x0,0x82,0x0
00003f 0084
000040 0018
000041 0048
C:\Users\Behrad\Desktop\AwesomeCalculator\List\AwesomeCalculator.asm(1105): warning: .cseg .db misalignment - padding zero byte
000042 0088      	.DB  0x84,0x0,0x18,0x0,0x48,0x0,0x88
                 _0x4:
000043 3130
000044 3332
000045 3534
000046 3736      	.DB  0x30,0x31,0x32,0x33,0x34,0x35,0x36,0x37
000047 3938
000048 2a2f
000049 632d
00004a 2b3d      	.DB  0x38,0x39,0x2F,0x2A,0x2D,0x63,0x3D,0x2B
                 _0x1A:
00004b 0063
00004c 0000      	.DB  0x63,0x0,0x0,0x0
                 _0x0:
00004d 6425
C:\Users\Behrad\Desktop\AwesomeCalculator\List\AwesomeCalculator.asm(1112): warning: .cseg .db misalignment - padding zero byte
00004e 0000      	.DB  0x25,0x64,0x0
                 _0x2000003:
00004f c080      	.DB  0x80,0xC0
                 
                 __GLOBAL_INI_TBL:
000050 001f      	.DW  0x1F
000051 0160      	.DW  _keys
000052 0066      	.DW  _0x3*2
                 
000053 0010      	.DW  0x10
000054 0180      	.DW  _decoded_keys
000055 0086      	.DW  _0x4*2
                 
000056 0004      	.DW  0x04
000057 0004      	.DW  0x04
000058 0096      	.DW  _0x1A*2
                 
000059 0002      	.DW  0x02
00005a 01a6      	.DW  __base_y_G100
00005b 009e      	.DW  _0x2000003*2
                 
                 _0xFFFFFFFF:
00005c 0000      	.DW  0
                 
                 __RESET:
00005d 94f8      	CLI
00005e 27ee      	CLR  R30
00005f bbec      	OUT  EECR,R30
                 
                 ;INTERRUPT VECTORS ARE PLACED
                 ;AT THE START OF FLASH
000060 e0f1      	LDI  R31,1
000061 bffb      	OUT  GICR,R31
000062 bfeb      	OUT  GICR,R30
000063 bfe5      	OUT  MCUCR,R30
                 
                 ;DISABLE WATCHDOG
000064 e1f8      	LDI  R31,0x18
000065 bdf1      	OUT  WDTCR,R31
000066 bde1      	OUT  WDTCR,R30
                 
                 ;CLEAR R2-R14
000067 e08d      	LDI  R24,(14-2)+1
000068 e0a2      	LDI  R26,2
000069 27bb      	CLR  R27
                 __CLEAR_REG:
00006a 93ed      	ST   X+,R30
00006b 958a      	DEC  R24
00006c f7e9      	BRNE __CLEAR_REG
                 
                 ;CLEAR SRAM
00006d e080      	LDI  R24,LOW(__CLEAR_SRAM_SIZE)
00006e e094      	LDI  R25,HIGH(__CLEAR_SRAM_SIZE)
00006f e6a0      	LDI  R26,__SRAM_START
                 __CLEAR_SRAM:
000070 93ed      	ST   X+,R30
000071 9701      	SBIW R24,1
000072 f7e9      	BRNE __CLEAR_SRAM
                 
                 ;GLOBAL VARIABLES INITIALIZATION
000073 eae0      	LDI  R30,LOW(__GLOBAL_INI_TBL*2)
000074 e0f0      	LDI  R31,HIGH(__GLOBAL_INI_TBL*2)
                 __GLOBAL_INI_NEXT:
000075 9185      	LPM  R24,Z+
000076 9195      	LPM  R25,Z+
000077 9700      	SBIW R24,0
000078 f061      	BREQ __GLOBAL_INI_END
000079 91a5      	LPM  R26,Z+
00007a 91b5      	LPM  R27,Z+
00007b 9005      	LPM  R0,Z+
00007c 9015      	LPM  R1,Z+
00007d 01bf      	MOVW R22,R30
00007e 01f0      	MOVW R30,R0
                 __GLOBAL_INI_LOOP:
00007f 9005      	LPM  R0,Z+
000080 920d      	ST   X+,R0
000081 9701      	SBIW R24,1
000082 f7e1      	BRNE __GLOBAL_INI_LOOP
000083 01fb      	MOVW R30,R22
000084 cff0      	RJMP __GLOBAL_INI_NEXT
                 __GLOBAL_INI_END:
                 
                 ;HARDWARE STACK POINTER INITIALIZATION
000085 e5ef      	LDI  R30,LOW(__SRAM_END-__HEAP_SIZE)
000086 bfed      	OUT  SPL,R30
000087 e0e4      	LDI  R30,HIGH(__SRAM_END-__HEAP_SIZE)
000088 bfee      	OUT  SPH,R30
                 
                 ;DATA STACK POINTER INITIALIZATION
000089 e6c0      	LDI  R28,LOW(__SRAM_START+__DSTACK_SIZE)
00008a e0d1      	LDI  R29,HIGH(__SRAM_START+__DSTACK_SIZE)
                 
00008b 940c 0161 	JMP  _main
                 
                 	.ESEG
                 	.ORG 0
                 
                 	.DSEG
                 	.ORG 0x160
                 
                 	.CSEG
                 ;/*****************************************************
                 ;This program was produced by the
                 ;CodeWizardAVR V2.05.0 Advanced
                 ;Automatic Program Generator
                 ;© Copyright 1998-2010 Pavel Haiduc, HP InfoTech s.r.l.
                 ;http://www.hpinfotech.com
                 ;
                 ;Project :
                 ;Version :
                 ;Date    : 1/9/2021
                 ;Author  : www.Eca.ir *** www.Webkade.ir
                 ;Company :
                 ;Comments:
                 ;
                 ;
                 ;Chip type               : ATmega16
                 ;Program type            : Application
                 ;AVR Core Clock frequency: 40.000000 MHz
                 ;Memory model            : Small
                 ;External RAM size       : 0
                 ;Data Stack size         : 256
                 ;*****************************************************/
                 ;#include <mega16.h>
                 	#ifndef __SLEEP_DEFINED__
                 	#define __SLEEP_DEFINED__
                 	.EQU __se_bit=0x40
                 	.EQU __sm_mask=0xB0
                 	.EQU __sm_powerdown=0x20
                 	.EQU __sm_powersave=0x30
                 	.EQU __sm_standby=0xA0
                 	.EQU __sm_ext_standby=0xB0
                 	.EQU __sm_adc_noise_red=0x10
                 	.SET power_ctrl_reg=mcucr
                 	#endif
                 ;#include <delay.h>
                 ;#include <alcd.h>
                 ;#include <stdio.h>
                 ;
                 ;//Variables
                 ;int keys[] = {0x28, 0x14, 0x24, 0x44, 0x12, 0x22, 0x42, 0x11, 0x21, 0x41, 0x81,  0x82, 0x84, 0x18, 0x48, 0x88};;
                 
                 	.DSEG
                 ;
                 ;char decoded_keys[]={'0', '1', '2', '3', '4', '5', '6', '7', '8', '9', '/', '*', '-', 'c', '=', '+'};
                 ;
                 ;unsigned char currenct_selected_button = '';
                 ;
                 ;unsigned char currenct_operator = 'c';
                 ;
                 ;int index = 0, row, col, colRow;
                 ;
                 ;int number = 0;
                 ;
                 ;int oprand = 0;
                 ;
                 ;char printable_number[16];
                 ;
                 ;int is_selecting = 0;
                 ;
                 ;void read_key(void){
                 ; 0000 002F void read_key(void){
                 
                 	.CSEG
                 _read_key:
                 ; 0000 0030 
                 ; 0000 0031     DDRD=0x0F;
00008d e0ef      	LDI  R30,LOW(15)
00008e bbe1      	OUT  0x11,R30
                 ; 0000 0032     PORTD=0x0F;
00008f bbe2      	OUT  0x12,R30
                 ; 0000 0033     row=PIND;
000090 b280      	IN   R8,16
000091 2499      	CLR  R9
                 ; 0000 0034 
                 ; 0000 0035     delay_ms(1);
000092 e0e1      	LDI  R30,LOW(1)
000093 e0f0      	LDI  R31,HIGH(1)
000094 940e 040d 	CALL SUBOPT_0x0
                 ; 0000 0036 
                 ; 0000 0037     DDRD=0xF0;
000096 efe0      	LDI  R30,LOW(240)
000097 bbe1      	OUT  0x11,R30
                 ; 0000 0038     PORTD=0xF0;
000098 bbe2      	OUT  0x12,R30
                 ; 0000 0039     col=PIND;
000099 b2a0      	IN   R10,16
00009a 24bb      	CLR  R11
                 ; 0000 003A 
                 ; 0000 003B     colRow=row&col;
00009b 01f5      	MOVW R30,R10
00009c 21e8      	AND  R30,R8
00009d 21f9      	AND  R31,R9
00009e 016f      	MOVW R12,R30
                 ; 0000 003C 
                 ; 0000 003D     if (colRow==0x00){
00009f 2c0c      	MOV  R0,R12
0000a0 280d      	OR   R0,R13
0000a1 f429      	BRNE _0x5
                 ; 0000 003E         is_selecting = 0;
0000a2 e0e0      	LDI  R30,LOW(0)
0000a3 93e0 01a4 	STS  _is_selecting,R30
0000a5 93e0 01a5 	STS  _is_selecting+1,R30
                 ; 0000 003F     }
                 ; 0000 0040 }
                 _0x5:
0000a7 9508      	RET
                 ;
                 ;int sum(int first, int second){
                 ; 0000 0042 int sum(int first, int second){
                 _sum:
                 ; 0000 0043     return first + second;
                 ;	first -> Y+2
                 ;	second -> Y+0
0000a8 940e 0411 	CALL SUBOPT_0x1
0000aa 0fea      	ADD  R30,R26
0000ab 1ffb      	ADC  R31,R27
0000ac c010      	RJMP _0x2080003
                 ; 0000 0044 }
                 ;
                 ;int div(int first, int second){
                 ; 0000 0046 int div(int first, int second){
                 _div:
                 ; 0000 0047     return first / second;
                 ;	first -> Y+2
                 ;	second -> Y+0
0000ad 940e 0411 	CALL SUBOPT_0x1
0000af 940e 04a9 	CALL __DIVW21
0000b1 c00b      	RJMP _0x2080003
                 ; 0000 0048 }
                 ;
                 ;int min(int first, int second){
                 ; 0000 004A int min(int first, int second){
                 _min:
                 ; 0000 004B     return first - second;
                 ;	first -> Y+2
                 ;	second -> Y+0
0000b2 81a8      	LD   R26,Y
0000b3 81b9      	LDD  R27,Y+1
0000b4 81ea      	LDD  R30,Y+2
0000b5 81fb      	LDD  R31,Y+2+1
0000b6 1bea      	SUB  R30,R26
0000b7 0bfb      	SBC  R31,R27
0000b8 c004      	RJMP _0x2080003
                 ; 0000 004C }
                 ;
                 ;int mul(int first, int second){
                 ; 0000 004E int mul(int first, int second){
                 _mul:
                 ; 0000 004F     return first * second;
                 ;	first -> Y+2
                 ;	second -> Y+0
0000b9 940e 0411 	CALL SUBOPT_0x1
0000bb 940e 0491 	CALL __MULW12
                 _0x2080003:
0000bd 9624      	ADIW R28,4
0000be 9508      	RET
                 ; 0000 0050 }
                 ;
                 ;
                 ;void update(void){
                 ; 0000 0053 void update(void){
                 _update:
                 ; 0000 0054     index = 0;
0000bf 2466      	CLR  R6
0000c0 2477      	CLR  R7
                 ; 0000 0055 
                 ; 0000 0056     while(index < 16){
                 _0x6:
0000c1 e1e0      	LDI  R30,LOW(16)
0000c2 e0f0      	LDI  R31,HIGH(16)
0000c3 166e      	CP   R6,R30
0000c4 067f      	CPC  R7,R31
0000c5 f014      	BRLT PC+3
0000c6 940c 014d 	JMP _0x8
                 ; 0000 0057 
                 ; 0000 0058         if (colRow==keys[index]){
0000c8 01f3      	MOVW R30,R6
0000c9 e6a0      	LDI  R26,LOW(_keys)
0000ca e0b1      	LDI  R27,HIGH(_keys)
0000cb 0fee      	LSL  R30
0000cc 1fff      	ROL  R31
0000cd 0fae      	ADD  R26,R30
0000ce 1fbf      	ADC  R27,R31
0000cf 940e 04bc 	CALL __GETW1P
0000d1 15ec      	CP   R30,R12
0000d2 05fd      	CPC  R31,R13
0000d3 f011      	BREQ PC+3
0000d4 940c 0149 	JMP _0x9
                 ; 0000 0059             if (is_selecting == 1){
0000d6 91a0 01a4 	LDS  R26,_is_selecting
0000d8 91b0 01a5 	LDS  R27,_is_selecting+1
0000da 9711      	SBIW R26,1
0000db f409      	BRNE _0xA
                 ; 0000 005A                 break; //means user has not pulled up his filgers from the key.
0000dc c070      	RJMP _0x8
                 ; 0000 005B             }
                 ; 0000 005C 
                 ; 0000 005D             is_selecting = 1;
                 _0xA:
0000dd e0e1      	LDI  R30,LOW(1)
0000de e0f0      	LDI  R31,HIGH(1)
0000df 93e0 01a4 	STS  _is_selecting,R30
0000e1 93f0 01a5 	STS  _is_selecting+1,R31
                 ; 0000 005E             currenct_selected_button = decoded_keys[index];
0000e3 e8a0      	LDI  R26,LOW(_decoded_keys)
0000e4 e0b1      	LDI  R27,HIGH(_decoded_keys)
0000e5 0da6      	ADD  R26,R6
0000e6 1db7      	ADC  R27,R7
0000e7 905c      	LD   R5,X
                 ; 0000 005F 
                 ; 0000 0060             if (number > 10000){
0000e8 91a0 0190 	LDS  R26,_number
0000ea 91b0 0191 	LDS  R27,_number+1
0000ec 31a1      	CPI  R26,LOW(0x2711)
0000ed e2e7      	LDI  R30,HIGH(0x2711)
0000ee 07be      	CPC  R27,R30
0000ef f00c      	BRLT _0xB
                 ; 0000 0061                 break;
0000f0 c05c      	RJMP _0x8
                 ; 0000 0062             }
                 ; 0000 0063 
                 ; 0000 0064             if (currenct_selected_button == 'c'){
                 _0xB:
0000f1 e6e3      	LDI  R30,LOW(99)
0000f2 15e5      	CP   R30,R5
0000f3 f449      	BRNE _0xC
                 ; 0000 0065                 currenct_operator = 'c';
0000f4 2e4e      	MOV  R4,R30
                 ; 0000 0066                 oprand = 0;
0000f5 e0e0      	LDI  R30,LOW(0)
0000f6 93e0 0192 	STS  _oprand,R30
0000f8 93e0 0193 	STS  _oprand+1,R30
                 ; 0000 0067                 number = 0;
0000fa 940e 0416 	CALL SUBOPT_0x2
                 ; 0000 0068                 lcd_clear();
                 ; 0000 0069                 break;
0000fc c050      	RJMP _0x8
                 ; 0000 006A             }
                 ; 0000 006B 
                 ; 0000 006C             if (currenct_selected_button == '/' || currenct_selected_button == '*' || currenct_selected_button == '+' || currenct_selected_button == '-'){
                 _0xC:
0000fd e2ef      	LDI  R30,LOW(47)
0000fe 15e5      	CP   R30,R5
0000ff f049      	BREQ _0xE
000100 e2ea      	LDI  R30,LOW(42)
000101 15e5      	CP   R30,R5
000102 f031      	BREQ _0xE
000103 e2eb      	LDI  R30,LOW(43)
000104 15e5      	CP   R30,R5
000105 f019      	BREQ _0xE
000106 e2ed      	LDI  R30,LOW(45)
000107 15e5      	CP   R30,R5
000108 f451      	BRNE _0xD
                 _0xE:
                 ; 0000 006D 
                 ; 0000 006E                 currenct_operator = currenct_selected_button;
000109 2c45      	MOV  R4,R5
                 ; 0000 006F                 oprand = number;
00010a 940e 041d 	CALL SUBOPT_0x3
00010c 93e0 0192 	STS  _oprand,R30
00010e 93f0 0193 	STS  _oprand+1,R31
                 ; 0000 0070                 number = 0;
000110 940e 0416 	CALL SUBOPT_0x2
                 ; 0000 0071                 lcd_clear();
                 ; 0000 0072                 break;
000112 c03a      	RJMP _0x8
                 ; 0000 0073             }
                 ; 0000 0074 
                 ; 0000 0075             if (currenct_selected_button == '='){
                 _0xD:
000113 e3ed      	LDI  R30,LOW(61)
000114 15e5      	CP   R30,R5
000115 f521      	BRNE _0x10
                 ; 0000 0076                 if (currenct_operator == '/'){
000116 e2ef      	LDI  R30,LOW(47)
000117 15e4      	CP   R30,R4
000118 f431      	BRNE _0x11
                 ; 0000 0077                    number = div(oprand, number);
000119 940e 0422 	CALL SUBOPT_0x4
00011b df91      	RCALL _div
00011c 940e 042c 	CALL SUBOPT_0x5
                 ; 0000 0078                    break;
00011e c02e      	RJMP _0x8
                 ; 0000 0079                 }
                 ; 0000 007A                 if (currenct_operator == '*'){
                 _0x11:
00011f e2ea      	LDI  R30,LOW(42)
000120 15e4      	CP   R30,R4
000121 f431      	BRNE _0x12
                 ; 0000 007B                    number = mul(oprand, number);
000122 940e 0422 	CALL SUBOPT_0x4
000124 df94      	RCALL _mul
000125 940e 042c 	CALL SUBOPT_0x5
                 ; 0000 007C                    break;
000127 c025      	RJMP _0x8
                 ; 0000 007D                 }
                 ; 0000 007E                 if (currenct_operator == '-'){
                 _0x12:
000128 e2ed      	LDI  R30,LOW(45)
000129 15e4      	CP   R30,R4
00012a f431      	BRNE _0x13
                 ; 0000 007F                    number = min(oprand, number);
00012b 940e 0422 	CALL SUBOPT_0x4
00012d df84      	RCALL _min
00012e 940e 042c 	CALL SUBOPT_0x5
                 ; 0000 0080                    break;
000130 c01c      	RJMP _0x8
                 ; 0000 0081                 }
                 ; 0000 0082                 if (currenct_operator == '+'){
                 _0x13:
000131 e2eb      	LDI  R30,LOW(43)
000132 15e4      	CP   R30,R4
000133 f431      	BRNE _0x14
                 ; 0000 0083                    number = sum(oprand, number);
000134 940e 0422 	CALL SUBOPT_0x4
000136 df71      	RCALL _sum
000137 940e 042c 	CALL SUBOPT_0x5
                 ; 0000 0084                    break;
000139 c013      	RJMP _0x8
                 ; 0000 0085                 }
                 ; 0000 0086 
                 ; 0000 0087             }
                 _0x14:
                 ; 0000 0088             if (index < 10){
                 _0x10:
00013a e0ea      	LDI  R30,LOW(10)
00013b e0f0      	LDI  R31,HIGH(10)
00013c 166e      	CP   R6,R30
00013d 067f      	CPC  R7,R31
00013e f454      	BRGE _0x15
                 ; 0000 0089                 number = (number * 10) + index; //as we sorted the keys 0-9, now if the index is below 10 its the number actually.
00013f 940e 041d 	CALL SUBOPT_0x3
000141 e0aa      	LDI  R26,LOW(10)
000142 e0b0      	LDI  R27,HIGH(10)
000143 940e 0491 	CALL __MULW12
000145 0de6      	ADD  R30,R6
000146 1df7      	ADC  R31,R7
000147 940e 042c 	CALL SUBOPT_0x5
                 ; 0000 008A             }
                 ; 0000 008B         }
                 _0x15:
                 ; 0000 008C         index++;
                 _0x9:
000149 01f3      	MOVW R30,R6
00014a 9631      	ADIW R30,1
00014b 013f      	MOVW R6,R30
                 ; 0000 008D     }
00014c cf74      	RJMP _0x6
                 _0x8:
                 ; 0000 008E }
00014d 9508      	RET
                 ;
                 ;void update_lcd(void){
                 ; 0000 0090 void update_lcd(void){
                 _update_lcd:
                 ; 0000 0091     sprintf(printable_number, "%d", number);
00014e e9e4      	LDI  R30,LOW(_printable_number)
00014f e0f1      	LDI  R31,HIGH(_printable_number)
000150 93fa      	ST   -Y,R31
000151 93ea      	ST   -Y,R30
                +
000152 e9ea     +LDI R30 , LOW ( 2 * _0x0 + ( 0 ) )
000153 e0f0     +LDI R31 , HIGH ( 2 * _0x0 + ( 0 ) )
                 	__POINTW1FN _0x0,0
000154 93fa      	ST   -Y,R31
000155 93ea      	ST   -Y,R30
000156 940e 041d 	CALL SUBOPT_0x3
000158 940e 0484 	CALL __CWD1
00015a 940e 04c4 	CALL __PUTPARD1
00015c e084      	LDI  R24,4
00015d 940e 03c2 	CALL _sprintf
00015f 9628      	ADIW R28,8
                 ; 0000 0092 
                 ; 0000 0093 }
000160 9508      	RET
                 ;
                 ;void main(void)
                 ; 0000 0096 {
                 _main:
                 ; 0000 0097 
                 ; 0000 0098 PORTA=0x00;
000161 e0e0      	LDI  R30,LOW(0)
000162 bbeb      	OUT  0x1B,R30
                 ; 0000 0099 DDRA=0x00;
000163 bbea      	OUT  0x1A,R30
                 ; 0000 009A 
                 ; 0000 009B PORTB=0x00;
000164 bbe8      	OUT  0x18,R30
                 ; 0000 009C DDRB=0x00;
000165 bbe7      	OUT  0x17,R30
                 ; 0000 009D 
                 ; 0000 009E PORTC=0x00;
000166 bbe5      	OUT  0x15,R30
                 ; 0000 009F DDRC=0xFF;
000167 efef      	LDI  R30,LOW(255)
000168 bbe4      	OUT  0x14,R30
                 ; 0000 00A0 
                 ; 0000 00A1 PORTD=0x00;
000169 e0e0      	LDI  R30,LOW(0)
00016a bbe2      	OUT  0x12,R30
                 ; 0000 00A2 DDRD=0x00;
00016b bbe1      	OUT  0x11,R30
                 ; 0000 00A3 
                 ; 0000 00A4 
                 ; 0000 00A5 TCCR0=0x00;
00016c bfe3      	OUT  0x33,R30
                 ; 0000 00A6 TCNT0=0x00;
00016d bfe2      	OUT  0x32,R30
                 ; 0000 00A7 OCR0=0x00;
00016e bfec      	OUT  0x3C,R30
                 ; 0000 00A8 
                 ; 0000 00A9 TCCR1A=0x00;
00016f bdef      	OUT  0x2F,R30
                 ; 0000 00AA TCCR1B=0x00;
000170 bdee      	OUT  0x2E,R30
                 ; 0000 00AB TCNT1H=0x00;
000171 bded      	OUT  0x2D,R30
                 ; 0000 00AC TCNT1L=0x00;
000172 bdec      	OUT  0x2C,R30
                 ; 0000 00AD ICR1H=0x00;
000173 bde7      	OUT  0x27,R30
                 ; 0000 00AE ICR1L=0x00;
000174 bde6      	OUT  0x26,R30
                 ; 0000 00AF OCR1AH=0x00;
000175 bdeb      	OUT  0x2B,R30
                 ; 0000 00B0 OCR1AL=0x00;
000176 bdea      	OUT  0x2A,R30
                 ; 0000 00B1 OCR1BH=0x00;
000177 bde9      	OUT  0x29,R30
                 ; 0000 00B2 OCR1BL=0x00;
000178 bde8      	OUT  0x28,R30
                 ; 0000 00B3 
                 ; 0000 00B4 ASSR=0x00;
000179 bde2      	OUT  0x22,R30
                 ; 0000 00B5 TCCR2=0x00;
00017a bde5      	OUT  0x25,R30
                 ; 0000 00B6 TCNT2=0x00;
00017b bde4      	OUT  0x24,R30
                 ; 0000 00B7 OCR2=0x00;
00017c bde3      	OUT  0x23,R30
                 ; 0000 00B8 
                 ; 0000 00B9 MCUCR=0x00;
00017d bfe5      	OUT  0x35,R30
                 ; 0000 00BA MCUCSR=0x00;
00017e bfe4      	OUT  0x34,R30
                 ; 0000 00BB 
                 ; 0000 00BC TIMSK=0x00;
00017f bfe9      	OUT  0x39,R30
                 ; 0000 00BD 
                 ; 0000 00BE UCSRB=0x00;
000180 b9ea      	OUT  0xA,R30
                 ; 0000 00BF 
                 ; 0000 00C0 ACSR=0x80;
000181 e8e0      	LDI  R30,LOW(128)
000182 b9e8      	OUT  0x8,R30
                 ; 0000 00C1 SFIOR=0x00;
000183 e0e0      	LDI  R30,LOW(0)
000184 bfe0      	OUT  0x30,R30
                 ; 0000 00C2 ADCSRA=0x00;
000185 b9e6      	OUT  0x6,R30
                 ; 0000 00C3 
                 ; 0000 00C4 SPCR=0x00;
000186 b9ed      	OUT  0xD,R30
                 ; 0000 00C5 
                 ; 0000 00C6 TWCR=0x00;
000187 bfe6      	OUT  0x36,R30
                 ; 0000 00C7 
                 ; 0000 00C8 lcd_init(16);
000188 e1e0      	LDI  R30,LOW(16)
000189 93ea      	ST   -Y,R30
00018a d090      	RCALL _lcd_init
                 ; 0000 00C9 
                 ; 0000 00CA 
                 ; 0000 00CB while (1)
                 _0x16:
                 ; 0000 00CC       {
                 ; 0000 00CD 
                 ; 0000 00CE         read_key();
00018b df01      	RCALL _read_key
                 ; 0000 00CF         update();
00018c df32      	RCALL _update
                 ; 0000 00D0 
                 ; 0000 00D1         update_lcd();
00018d dfc0      	RCALL _update_lcd
                 ; 0000 00D2 
                 ; 0000 00D3         lcd_gotoxy(0,0);
00018e e0e0      	LDI  R30,LOW(0)
00018f 93ea      	ST   -Y,R30
000190 93ea      	ST   -Y,R30
000191 d039      	RCALL _lcd_gotoxy
                 ; 0000 00D4 
                 ; 0000 00D5         lcd_puts(printable_number);
000192 e9e4      	LDI  R30,LOW(_printable_number)
000193 e0f1      	LDI  R31,HIGH(_printable_number)
000194 93fa      	ST   -Y,R31
000195 93ea      	ST   -Y,R30
000196 d075      	RCALL _lcd_puts
                 ; 0000 00D6       }
000197 cff3      	RJMP _0x16
                 ; 0000 00D7 }
                 _0x19:
000198 cfff      	RJMP _0x19
                 ;
                 	#ifndef __SLEEP_DEFINED__
                 	#endif
                 
                 	.DSEG
                 
                 	.CSEG
                 __lcd_write_nibble_G100:
000199 81e8      	LD   R30,Y
00019a 71e0      	ANDI R30,LOW(0x10)
00019b f011      	BREQ _0x2000004
00019c 9aac      	SBI  0x15,4
00019d c001      	RJMP _0x2000005
                 _0x2000004:
00019e 98ac      	CBI  0x15,4
                 _0x2000005:
00019f 81e8      	LD   R30,Y
0001a0 72e0      	ANDI R30,LOW(0x20)
0001a1 f011      	BREQ _0x2000006
0001a2 9aad      	SBI  0x15,5
0001a3 c001      	RJMP _0x2000007
                 _0x2000006:
0001a4 98ad      	CBI  0x15,5
                 _0x2000007:
0001a5 81e8      	LD   R30,Y
0001a6 74e0      	ANDI R30,LOW(0x40)
0001a7 f011      	BREQ _0x2000008
0001a8 9aae      	SBI  0x15,6
0001a9 c001      	RJMP _0x2000009
                 _0x2000008:
0001aa 98ae      	CBI  0x15,6
                 _0x2000009:
0001ab 81e8      	LD   R30,Y
0001ac 78e0      	ANDI R30,LOW(0x80)
0001ad f011      	BREQ _0x200000A
0001ae 9aaf      	SBI  0x15,7
0001af c001      	RJMP _0x200000B
                 _0x200000A:
0001b0 98af      	CBI  0x15,7
                 _0x200000B:
                +
0001b1 e18b     +LDI R24 , LOW ( 27 )
                +__DELAY_USB_LOOP :
0001b2 958a     +DEC R24
0001b3 f7f1     +BRNE __DELAY_USB_LOOP
                 	__DELAY_USB 27
0001b4 9aaa      	SBI  0x15,2
                +
0001b5 e483     +LDI R24 , LOW ( 67 )
                +__DELAY_USB_LOOP :
0001b6 958a     +DEC R24
0001b7 f7f1     +BRNE __DELAY_USB_LOOP
                 	__DELAY_USB 67
0001b8 98aa      	CBI  0x15,2
                +
0001b9 e483     +LDI R24 , LOW ( 67 )
                +__DELAY_USB_LOOP :
0001ba 958a     +DEC R24
0001bb f7f1     +BRNE __DELAY_USB_LOOP
                 	__DELAY_USB 67
0001bc c090      	RJMP _0x2080002
                 __lcd_write_data:
0001bd 81e8      	LD   R30,Y
0001be 93ea      	ST   -Y,R30
0001bf dfd9      	RCALL __lcd_write_nibble_G100
0001c0 81e8          ld    r30,y
0001c1 95e2          swap  r30
0001c2 83e8          st    y,r30
0001c3 81e8      	LD   R30,Y
0001c4 93ea      	ST   -Y,R30
0001c5 dfd3      	RCALL __lcd_write_nibble_G100
                +
0001c6 ef84     +LDI R24 , LOW ( 500 )
0001c7 e091     +LDI R25 , HIGH ( 500 )
                +__DELAY_USW_LOOP :
0001c8 9701     +SBIW R24 , 1
0001c9 f7f1     +BRNE __DELAY_USW_LOOP
                 	__DELAY_USW 500
0001ca c082      	RJMP _0x2080002
                 _lcd_gotoxy:
0001cb 81e8      	LD   R30,Y
0001cc e0f0      	LDI  R31,0
0001cd 55ea      	SUBI R30,LOW(-__base_y_G100)
0001ce 4ffe      	SBCI R31,HIGH(-__base_y_G100)
0001cf 81e0      	LD   R30,Z
0001d0 81a9      	LDD  R26,Y+1
0001d1 0fea      	ADD  R30,R26
0001d2 93ea      	ST   -Y,R30
0001d3 dfe9      	RCALL __lcd_write_data
0001d4 81e9      	LDD  R30,Y+1
0001d5 93e0 01aa 	STS  __lcd_x,R30
0001d7 81e8      	LD   R30,Y
0001d8 93e0 01ab 	STS  __lcd_y,R30
0001da 9622      	ADIW R28,2
0001db 9508      	RET
                 _lcd_clear:
0001dc e0e2      	LDI  R30,LOW(2)
0001dd 940e 0431 	CALL SUBOPT_0x6
0001df e0ec      	LDI  R30,LOW(12)
0001e0 93ea      	ST   -Y,R30
0001e1 dfdb      	RCALL __lcd_write_data
0001e2 e0e1      	LDI  R30,LOW(1)
0001e3 940e 0431 	CALL SUBOPT_0x6
0001e5 e0e0      	LDI  R30,LOW(0)
0001e6 93e0 01ab 	STS  __lcd_y,R30
0001e8 93e0 01aa 	STS  __lcd_x,R30
0001ea 9508      	RET
                 _lcd_putchar:
0001eb 81a8      	LD   R26,Y
0001ec 30aa      	CPI  R26,LOW(0xA)
0001ed f031      	BREQ _0x2000011
0001ee 91e0 01ac 	LDS  R30,__lcd_maxx
0001f0 91a0 01aa 	LDS  R26,__lcd_x
0001f2 17ae      	CP   R26,R30
0001f3 f068      	BRLO _0x2000010
                 _0x2000011:
0001f4 e0e0      	LDI  R30,LOW(0)
0001f5 93ea      	ST   -Y,R30
0001f6 91e0 01ab 	LDS  R30,__lcd_y
0001f8 5fef      	SUBI R30,-LOW(1)
0001f9 93e0 01ab 	STS  __lcd_y,R30
0001fb 93ea      	ST   -Y,R30
0001fc dfce      	RCALL _lcd_gotoxy
0001fd 81a8      	LD   R26,Y
0001fe 30aa      	CPI  R26,LOW(0xA)
0001ff f409      	BRNE _0x2000013
000200 c04c      	RJMP _0x2080002
                 _0x2000013:
                 _0x2000010:
000201 91e0 01aa 	LDS  R30,__lcd_x
000203 5fef      	SUBI R30,-LOW(1)
000204 93e0 01aa 	STS  __lcd_x,R30
000206 9aa8      	SBI  0x15,0
000207 81e8      	LD   R30,Y
000208 93ea      	ST   -Y,R30
000209 dfb3      	RCALL __lcd_write_data
00020a 98a8      	CBI  0x15,0
00020b c041      	RJMP _0x2080002
                 _lcd_puts:
00020c 931a      	ST   -Y,R17
                 _0x2000014:
00020d 81a9      	LDD  R26,Y+1
00020e 81ba      	LDD  R27,Y+1+1
00020f 91ed      	LD   R30,X+
000210 83a9      	STD  Y+1,R26
000211 83ba      	STD  Y+1+1,R27
000212 2f1e      	MOV  R17,R30
000213 30e0      	CPI  R30,0
000214 f019      	BREQ _0x2000016
000215 931a      	ST   -Y,R17
000216 dfd4      	RCALL _lcd_putchar
000217 cff5      	RJMP _0x2000014
                 _0x2000016:
000218 8118      	LDD  R17,Y+0
000219 9623      	ADIW R28,3
00021a 9508      	RET
                 _lcd_init:
00021b 9aa4      	SBI  0x14,4
00021c 9aa5      	SBI  0x14,5
00021d 9aa6      	SBI  0x14,6
00021e 9aa7      	SBI  0x14,7
00021f 9aa2      	SBI  0x14,2
000220 9aa0      	SBI  0x14,0
000221 9aa1      	SBI  0x14,1
000222 98aa      	CBI  0x15,2
000223 98a8      	CBI  0x15,0
000224 98a9      	CBI  0x15,1
000225 81e8      	LD   R30,Y
000226 93e0 01ac 	STS  __lcd_maxx,R30
000228 58e0      	SUBI R30,-LOW(128)
                +
000229 93e0 01a8+STS __base_y_G100 + ( 2 ) , R30
                 	__PUTB1MN __base_y_G100,2
00022b 81e8      	LD   R30,Y
00022c 54e0      	SUBI R30,-LOW(192)
                +
00022d 93e0 01a9+STS __base_y_G100 + ( 3 ) , R30
                 	__PUTB1MN __base_y_G100,3
00022f e1e4      	LDI  R30,LOW(20)
000230 e0f0      	LDI  R31,HIGH(20)
000231 940e 040d 	CALL SUBOPT_0x0
000233 940e 0437 	CALL SUBOPT_0x7
000235 940e 0437 	CALL SUBOPT_0x7
000237 940e 0437 	CALL SUBOPT_0x7
000239 e2e0      	LDI  R30,LOW(32)
00023a 93ea      	ST   -Y,R30
00023b df5d      	RCALL __lcd_write_nibble_G100
                +
00023c ee88     +LDI R24 , LOW ( 1000 )
00023d e093     +LDI R25 , HIGH ( 1000 )
                +__DELAY_USW_LOOP :
00023e 9701     +SBIW R24 , 1
00023f f7f1     +BRNE __DELAY_USW_LOOP
                 	__DELAY_USW 1000
000240 e2e8      	LDI  R30,LOW(40)
000241 93ea      	ST   -Y,R30
000242 df7a      	RCALL __lcd_write_data
000243 e0e4      	LDI  R30,LOW(4)
000244 93ea      	ST   -Y,R30
000245 df77      	RCALL __lcd_write_data
000246 e8e5      	LDI  R30,LOW(133)
000247 93ea      	ST   -Y,R30
000248 df74      	RCALL __lcd_write_data
000249 e0e6      	LDI  R30,LOW(6)
00024a 93ea      	ST   -Y,R30
00024b df71      	RCALL __lcd_write_data
00024c df8f      	RCALL _lcd_clear
                 _0x2080002:
00024d 9621      	ADIW R28,1
00024e 9508      	RET
                 	#ifndef __SLEEP_DEFINED__
                 	#endif
                 
                 	.CSEG
                 _put_buff_G101:
00024f 931a      	ST   -Y,R17
000250 930a      	ST   -Y,R16
000251 81aa      	LDD  R26,Y+2
000252 81bb      	LDD  R27,Y+2+1
000253 9612      	ADIW R26,2
000254 940e 04bc 	CALL __GETW1P
000256 9730      	SBIW R30,0
000257 f159      	BREQ _0x2020010
000258 81aa      	LDD  R26,Y+2
000259 81bb      	LDD  R27,Y+2+1
00025a 9614      	ADIW R26,4
00025b 940e 04bc 	CALL __GETW1P
00025d 018f      	MOVW R16,R30
00025e 9730      	SBIW R30,0
00025f f061      	BREQ _0x2020012
                +
000260 3002     +CPI R16 , LOW ( 2 )
000261 e0e0     +LDI R30 , HIGH ( 2 )
000262 071e     +CPC R17 , R30
                 	__CPWRN 16,17,2
000263 f0f0      	BRLO _0x2020013
000264 01f8      	MOVW R30,R16
000265 9731      	SBIW R30,1
000266 018f      	MOVW R16,R30
                +
000267 81aa     +LDD R26 , Y + 2
000268 81bb     +LDD R27 , Y + 2 + 1
000269 9614     +ADIW R26 , 4
00026a 93ed     +ST X + , R30
00026b 93fc     +ST X , R31
                 	__PUTW1SNS 2,4
                 _0x2020012:
00026c 81aa      	LDD  R26,Y+2
00026d 81bb      	LDD  R27,Y+2+1
00026e 9612      	ADIW R26,2
00026f 91ed      	LD   R30,X+
000270 91fd      	LD   R31,X+
000271 9631      	ADIW R30,1
000272 93fe      	ST   -X,R31
000273 93ee      	ST   -X,R30
000274 9731      	SBIW R30,1
000275 81ac      	LDD  R26,Y+4
000276 83a0      	STD  Z+0,R26
000277 81aa      	LDD  R26,Y+2
000278 81bb      	LDD  R27,Y+2+1
000279 940e 04bc 	CALL __GETW1P
00027b 23ff      	TST  R31
00027c f02a      	BRMI _0x2020014
00027d 91ed      	LD   R30,X+
00027e 91fd      	LD   R31,X+
00027f 9631      	ADIW R30,1
000280 93fe      	ST   -X,R31
000281 93ee      	ST   -X,R30
                 _0x2020014:
                 _0x2020013:
000282 c006      	RJMP _0x2020015
                 _0x2020010:
000283 81aa      	LDD  R26,Y+2
000284 81bb      	LDD  R27,Y+2+1
000285 efef      	LDI  R30,LOW(65535)
000286 efff      	LDI  R31,HIGH(65535)
000287 93ed      	ST   X+,R30
000288 93fc      	ST   X,R31
                 _0x2020015:
000289 8119      	LDD  R17,Y+1
00028a 8108      	LDD  R16,Y+0
00028b 9625      	ADIW R28,5
00028c 9508      	RET
                 __print_G101:
00028d 9726      	SBIW R28,6
00028e 940e 04c9 	CALL __SAVELOCR6
000290 e010      	LDI  R17,0
000291 85ac      	LDD  R26,Y+12
000292 85bd      	LDD  R27,Y+12+1
000293 e0e0      	LDI  R30,LOW(0)
000294 e0f0      	LDI  R31,HIGH(0)
000295 93ed      	ST   X+,R30
000296 93fc      	ST   X,R31
                 _0x2020016:
000297 89ea      	LDD  R30,Y+18
000298 89fb      	LDD  R31,Y+18+1
000299 9631      	ADIW R30,1
00029a 8bea      	STD  Y+18,R30
00029b 8bfb      	STD  Y+18+1,R31
00029c 9731      	SBIW R30,1
00029d 91e4      	LPM  R30,Z
00029e 2f2e      	MOV  R18,R30
00029f 30e0      	CPI  R30,0
0002a0 f411      	BRNE PC+3
0002a1 940c 03ba 	JMP _0x2020018
0002a3 2fe1      	MOV  R30,R17
0002a4 30e0      	CPI  R30,0
0002a5 f439      	BRNE _0x202001C
0002a6 3225      	CPI  R18,37
0002a7 f411      	BRNE _0x202001D
0002a8 e011      	LDI  R17,LOW(1)
0002a9 c002      	RJMP _0x202001E
                 _0x202001D:
0002aa 940e 0440 	CALL SUBOPT_0x8
                 _0x202001E:
0002ac c10c      	RJMP _0x202001B
                 _0x202001C:
0002ad 30e1      	CPI  R30,LOW(0x1)
0002ae f4a9      	BRNE _0x202001F
0002af 3225      	CPI  R18,37
0002b0 f419      	BRNE _0x2020020
0002b1 940e 0440 	CALL SUBOPT_0x8
0002b3 c104      	RJMP _0x20200C9
                 _0x2020020:
0002b4 e012      	LDI  R17,LOW(2)
0002b5 e040      	LDI  R20,LOW(0)
0002b6 e000      	LDI  R16,LOW(0)
0002b7 322d      	CPI  R18,45
0002b8 f411      	BRNE _0x2020021
0002b9 e001      	LDI  R16,LOW(1)
0002ba c0fe      	RJMP _0x202001B
                 _0x2020021:
0002bb 322b      	CPI  R18,43
0002bc f411      	BRNE _0x2020022
0002bd e24b      	LDI  R20,LOW(43)
0002be c0fa      	RJMP _0x202001B
                 _0x2020022:
0002bf 3220      	CPI  R18,32
0002c0 f411      	BRNE _0x2020023
0002c1 e240      	LDI  R20,LOW(32)
0002c2 c0f6      	RJMP _0x202001B
                 _0x2020023:
0002c3 c002      	RJMP _0x2020024
                 _0x202001F:
0002c4 30e2      	CPI  R30,LOW(0x2)
0002c5 f439      	BRNE _0x2020025
                 _0x2020024:
0002c6 e050      	LDI  R21,LOW(0)
0002c7 e013      	LDI  R17,LOW(3)
0002c8 3320      	CPI  R18,48
0002c9 f411      	BRNE _0x2020026
0002ca 6800      	ORI  R16,LOW(128)
0002cb c0ed      	RJMP _0x202001B
                 _0x2020026:
0002cc c004      	RJMP _0x2020027
                 _0x2020025:
0002cd 30e3      	CPI  R30,LOW(0x3)
0002ce f011      	BREQ PC+3
0002cf 940c 03b9 	JMP _0x202001B
                 _0x2020027:
0002d1 3320      	CPI  R18,48
0002d2 f010      	BRLO _0x202002A
0002d3 332a      	CPI  R18,58
0002d4 f008      	BRLO _0x202002B
                 _0x202002A:
0002d5 c007      	RJMP _0x2020029
                 _0x202002B:
0002d6 e0aa      	LDI  R26,LOW(10)
0002d7 9f5a      	MUL  R21,R26
0002d8 2d50      	MOV  R21,R0
0002d9 2fe2      	MOV  R30,R18
0002da 53e0      	SUBI R30,LOW(48)
0002db 0f5e      	ADD  R21,R30
0002dc c0dc      	RJMP _0x202001B
                 _0x2020029:
0002dd 2fe2      	MOV  R30,R18
0002de 36e3      	CPI  R30,LOW(0x63)
0002df f449      	BRNE _0x202002F
0002e0 940e 0449 	CALL SUBOPT_0x9
0002e2 89e8      	LDD  R30,Y+16
0002e3 89f9      	LDD  R31,Y+16+1
0002e4 81a4      	LDD  R26,Z+4
0002e5 93aa      	ST   -Y,R26
0002e6 940e 044f 	CALL SUBOPT_0xA
0002e8 c0cf      	RJMP _0x2020030
                 _0x202002F:
0002e9 37e3      	CPI  R30,LOW(0x73)
0002ea f441      	BRNE _0x2020032
0002eb 940e 0449 	CALL SUBOPT_0x9
0002ed 940e 0457 	CALL SUBOPT_0xB
0002ef 940e 03f8 	CALL _strlen
0002f1 2f1e      	MOV  R17,R30
0002f2 c00a      	RJMP _0x2020033
                 _0x2020032:
0002f3 37e0      	CPI  R30,LOW(0x70)
0002f4 f461      	BRNE _0x2020035
0002f5 940e 0449 	CALL SUBOPT_0x9
0002f7 940e 0457 	CALL SUBOPT_0xB
0002f9 940e 0402 	CALL _strlenf
0002fb 2f1e      	MOV  R17,R30
0002fc 6008      	ORI  R16,LOW(8)
                 _0x2020033:
0002fd 6002      	ORI  R16,LOW(2)
0002fe 770f      	ANDI R16,LOW(127)
0002ff e030      	LDI  R19,LOW(0)
000300 c035      	RJMP _0x2020036
                 _0x2020035:
000301 36e4      	CPI  R30,LOW(0x64)
000302 f011      	BREQ _0x2020039
000303 36e9      	CPI  R30,LOW(0x69)
000304 f411      	BRNE _0x202003A
                 _0x2020039:
000305 6004      	ORI  R16,LOW(4)
000306 c002      	RJMP _0x202003B
                 _0x202003A:
000307 37e5      	CPI  R30,LOW(0x75)
000308 f431      	BRNE _0x202003C
                 _0x202003B:
000309 e5e4      	LDI  R30,LOW(_tbl10_G101*2)
00030a e0f0      	LDI  R31,HIGH(_tbl10_G101*2)
00030b 83ee      	STD  Y+6,R30
00030c 83ff      	STD  Y+6+1,R31
00030d e015      	LDI  R17,LOW(5)
00030e c00d      	RJMP _0x202003D
                 _0x202003C:
00030f 35e8      	CPI  R30,LOW(0x58)
000310 f411      	BRNE _0x202003F
000311 6008      	ORI  R16,LOW(8)
000312 c004      	RJMP _0x2020040
                 _0x202003F:
000313 37e8      	CPI  R30,LOW(0x78)
000314 f011      	BREQ PC+3
000315 940c 03b8 	JMP _0x2020071
                 _0x2020040:
000317 e5ee      	LDI  R30,LOW(_tbl16_G101*2)
000318 e0f0      	LDI  R31,HIGH(_tbl16_G101*2)
000319 83ee      	STD  Y+6,R30
00031a 83ff      	STD  Y+6+1,R31
00031b e014      	LDI  R17,LOW(4)
                 _0x202003D:
00031c ff02      	SBRS R16,2
00031d c014      	RJMP _0x2020042
00031e 940e 0449 	CALL SUBOPT_0x9
000320 940e 0461 	CALL SUBOPT_0xC
000322 85ab      	LDD  R26,Y+11
000323 23aa      	TST  R26
000324 f43a      	BRPL _0x2020043
000325 85ea      	LDD  R30,Y+10
000326 85fb      	LDD  R31,Y+10+1
000327 940e 0480 	CALL __ANEGW1
000329 87ea      	STD  Y+10,R30
00032a 87fb      	STD  Y+10+1,R31
00032b e24d      	LDI  R20,LOW(45)
                 _0x2020043:
00032c 3040      	CPI  R20,0
00032d f011      	BREQ _0x2020044
00032e 5f1f      	SUBI R17,-LOW(1)
00032f c001      	RJMP _0x2020045
                 _0x2020044:
000330 7f0b      	ANDI R16,LOW(251)
                 _0x2020045:
000331 c004      	RJMP _0x2020046
                 _0x2020042:
000332 940e 0449 	CALL SUBOPT_0x9
000334 940e 0461 	CALL SUBOPT_0xC
                 _0x2020046:
                 _0x2020036:
000336 fd00      	SBRC R16,0
000337 c011      	RJMP _0x2020047
                 _0x2020048:
000338 1715      	CP   R17,R21
000339 f478      	BRSH _0x202004A
00033a ff07      	SBRS R16,7
00033b c008      	RJMP _0x202004B
00033c ff02      	SBRS R16,2
00033d c004      	RJMP _0x202004C
00033e 7f0b      	ANDI R16,LOW(251)
00033f 2f24      	MOV  R18,R20
000340 5011      	SUBI R17,LOW(1)
000341 c001      	RJMP _0x202004D
                 _0x202004C:
000342 e320      	LDI  R18,LOW(48)
                 _0x202004D:
000343 c001      	RJMP _0x202004E
                 _0x202004B:
000344 e220      	LDI  R18,LOW(32)
                 _0x202004E:
000345 940e 0440 	CALL SUBOPT_0x8
000347 5051      	SUBI R21,LOW(1)
000348 cfef      	RJMP _0x2020048
                 _0x202004A:
                 _0x2020047:
000349 2f31      	MOV  R19,R17
00034a ff01      	SBRS R16,1
00034b c017      	RJMP _0x202004F
                 _0x2020050:
00034c 3030      	CPI  R19,0
00034d f0a1      	BREQ _0x2020052
00034e ff03      	SBRS R16,3
00034f c006      	RJMP _0x2020053
000350 81ee      	LDD  R30,Y+6
000351 81ff      	LDD  R31,Y+6+1
000352 9125      	LPM  R18,Z+
000353 83ee      	STD  Y+6,R30
000354 83ff      	STD  Y+6+1,R31
000355 c005      	RJMP _0x2020054
                 _0x2020053:
000356 81ae      	LDD  R26,Y+6
000357 81bf      	LDD  R27,Y+6+1
000358 912d      	LD   R18,X+
000359 83ae      	STD  Y+6,R26
00035a 83bf      	STD  Y+6+1,R27
                 _0x2020054:
00035b 940e 0440 	CALL SUBOPT_0x8
00035d 3050      	CPI  R21,0
00035e f009      	BREQ _0x2020055
00035f 5051      	SUBI R21,LOW(1)
                 _0x2020055:
000360 5031      	SUBI R19,LOW(1)
000361 cfea      	RJMP _0x2020050
                 _0x2020052:
000362 c04b      	RJMP _0x2020056
                 _0x202004F:
                 _0x2020058:
000363 e320      	LDI  R18,LOW(48)
000364 81ee      	LDD  R30,Y+6
000365 81ff      	LDD  R31,Y+6+1
000366 940e 04c0 	CALL __GETW1PF
000368 87e8      	STD  Y+8,R30
000369 87f9      	STD  Y+8+1,R31
00036a 81ee      	LDD  R30,Y+6
00036b 81ff      	LDD  R31,Y+6+1
00036c 9632      	ADIW R30,2
00036d 83ee      	STD  Y+6,R30
00036e 83ff      	STD  Y+6+1,R31
                 _0x202005A:
00036f 85e8      	LDD  R30,Y+8
000370 85f9      	LDD  R31,Y+8+1
000371 85aa      	LDD  R26,Y+10
000372 85bb      	LDD  R27,Y+10+1
000373 17ae      	CP   R26,R30
000374 07bf      	CPC  R27,R31
000375 f050      	BRLO _0x202005C
000376 5f2f      	SUBI R18,-LOW(1)
000377 85a8      	LDD  R26,Y+8
000378 85b9      	LDD  R27,Y+8+1
000379 85ea      	LDD  R30,Y+10
00037a 85fb      	LDD  R31,Y+10+1
00037b 1bea      	SUB  R30,R26
00037c 0bfb      	SBC  R31,R27
00037d 87ea      	STD  Y+10,R30
00037e 87fb      	STD  Y+10+1,R31
00037f cfef      	RJMP _0x202005A
                 _0x202005C:
000380 332a      	CPI  R18,58
000381 f028      	BRLO _0x202005D
000382 ff03      	SBRS R16,3
000383 c002      	RJMP _0x202005E
000384 5f29      	SUBI R18,-LOW(7)
000385 c001      	RJMP _0x202005F
                 _0x202005E:
000386 5d29      	SUBI R18,-LOW(39)
                 _0x202005F:
                 _0x202005D:
000387 fd04      	SBRC R16,4
000388 c01a      	RJMP _0x2020061
000389 3321      	CPI  R18,49
00038a f420      	BRSH _0x2020063
00038b 85a8      	LDD  R26,Y+8
00038c 85b9      	LDD  R27,Y+8+1
00038d 9711      	SBIW R26,1
00038e f409      	BRNE _0x2020062
                 _0x2020063:
00038f c009      	RJMP _0x20200CA
                 _0x2020062:
000390 1753      	CP   R21,R19
000391 f010      	BRLO _0x2020067
000392 ff00      	SBRS R16,0
000393 c001      	RJMP _0x2020068
                 _0x2020067:
000394 c013      	RJMP _0x2020066
                 _0x2020068:
000395 e220      	LDI  R18,LOW(32)
000396 ff07      	SBRS R16,7
000397 c00b      	RJMP _0x2020069
000398 e320      	LDI  R18,LOW(48)
                 _0x20200CA:
000399 6100      	ORI  R16,LOW(16)
00039a ff02      	SBRS R16,2
00039b c007      	RJMP _0x202006A
00039c 7f0b      	ANDI R16,LOW(251)
00039d 934a      	ST   -Y,R20
00039e 940e 044f 	CALL SUBOPT_0xA
0003a0 3050      	CPI  R21,0
0003a1 f009      	BREQ _0x202006B
0003a2 5051      	SUBI R21,LOW(1)
                 _0x202006B:
                 _0x202006A:
                 _0x2020069:
                 _0x2020061:
0003a3 940e 0440 	CALL SUBOPT_0x8
0003a5 3050      	CPI  R21,0
0003a6 f009      	BREQ _0x202006C
0003a7 5051      	SUBI R21,LOW(1)
                 _0x202006C:
                 _0x2020066:
0003a8 5031      	SUBI R19,LOW(1)
0003a9 85a8      	LDD  R26,Y+8
0003aa 85b9      	LDD  R27,Y+8+1
0003ab 9712      	SBIW R26,2
0003ac f008      	BRLO _0x2020059
0003ad cfb5      	RJMP _0x2020058
                 _0x2020059:
                 _0x2020056:
0003ae ff00      	SBRS R16,0
0003af c008      	RJMP _0x202006D
                 _0x202006E:
0003b0 3050      	CPI  R21,0
0003b1 f031      	BREQ _0x2020070
0003b2 5051      	SUBI R21,LOW(1)
0003b3 e2e0      	LDI  R30,LOW(32)
0003b4 93ea      	ST   -Y,R30
0003b5 940e 044f 	CALL SUBOPT_0xA
0003b7 cff8      	RJMP _0x202006E
                 _0x2020070:
                 _0x202006D:
                 _0x2020071:
                 _0x2020030:
                 _0x20200C9:
0003b8 e010      	LDI  R17,LOW(0)
                 _0x202001B:
0003b9 cedd      	RJMP _0x2020016
                 _0x2020018:
0003ba 85ac      	LDD  R26,Y+12
0003bb 85bd      	LDD  R27,Y+12+1
0003bc 940e 04bc 	CALL __GETW1P
0003be 940e 04d0 	CALL __LOADLOCR6
0003c0 9664      	ADIW R28,20
0003c1 9508      	RET
                 _sprintf:
0003c2 92ff      	PUSH R15
0003c3 2ef8      	MOV  R15,R24
0003c4 9726      	SBIW R28,6
0003c5 940e 04cb 	CALL __SAVELOCR4
0003c7 940e 0469 	CALL SUBOPT_0xD
0003c9 9730      	SBIW R30,0
0003ca f419      	BRNE _0x2020072
0003cb efef      	LDI  R30,LOW(65535)
0003cc efff      	LDI  R31,HIGH(65535)
0003cd c025      	RJMP _0x2080001
                 _0x2020072:
0003ce 01de      	MOVW R26,R28
0003cf 9616      	ADIW R26,6
0003d0 940e 047c 	CALL __ADDW2R15
0003d2 018d      	MOVW R16,R26
0003d3 940e 0469 	CALL SUBOPT_0xD
0003d5 83ee      	STD  Y+6,R30
0003d6 83ff      	STD  Y+6+1,R31
0003d7 e0e0      	LDI  R30,LOW(0)
0003d8 87e8      	STD  Y+8,R30
0003d9 87e9      	STD  Y+8+1,R30
0003da 01de      	MOVW R26,R28
0003db 961a      	ADIW R26,10
0003dc 940e 047c 	CALL __ADDW2R15
0003de 940e 04bc 	CALL __GETW1P
0003e0 93fa      	ST   -Y,R31
0003e1 93ea      	ST   -Y,R30
0003e2 931a      	ST   -Y,R17
0003e3 930a      	ST   -Y,R16
0003e4 e4ef      	LDI  R30,LOW(_put_buff_G101)
0003e5 e0f2      	LDI  R31,HIGH(_put_buff_G101)
0003e6 93fa      	ST   -Y,R31
0003e7 93ea      	ST   -Y,R30
0003e8 01fe      	MOVW R30,R28
0003e9 963a      	ADIW R30,10
0003ea 93fa      	ST   -Y,R31
0003eb 93ea      	ST   -Y,R30
0003ec dea0      	RCALL __print_G101
0003ed 019f      	MOVW R18,R30
0003ee 81ae      	LDD  R26,Y+6
0003ef 81bf      	LDD  R27,Y+6+1
0003f0 e0e0      	LDI  R30,LOW(0)
0003f1 93ec      	ST   X,R30
0003f2 01f9      	MOVW R30,R18
                 _0x2080001:
0003f3 940e 04d2 	CALL __LOADLOCR4
0003f5 962a      	ADIW R28,10
0003f6 90ff      	POP  R15
0003f7 9508      	RET
                 
                 	.CSEG
                 
                 	.CSEG
                 _strlen:
0003f8 91a9          ld   r26,y+
0003f9 91b9          ld   r27,y+
0003fa 27ee          clr  r30
0003fb 27ff          clr  r31
                 strlen0:
0003fc 916d          ld   r22,x+
0003fd 2366          tst  r22
0003fe f011          breq strlen1
0003ff 9631          adiw r30,1
000400 cffb          rjmp strlen0
                 strlen1:
000401 9508          ret
                 _strlenf:
000402 27aa          clr  r26
000403 27bb          clr  r27
000404 91e9          ld   r30,y+
000405 91f9          ld   r31,y+
                 strlenf0:
000406 9005      	lpm  r0,z+
000407 2000          tst  r0
000408 f011          breq strlenf1
000409 9611          adiw r26,1
00040a cffb          rjmp strlenf0
                 strlenf1:
00040b 01fd          movw r30,r26
00040c 9508          ret
                 
                 	.DSEG
                 _keys:
000160           	.BYTE 0x20
                 _decoded_keys:
000180           	.BYTE 0x10
                 _number:
000190           	.BYTE 0x2
                 _oprand:
000192           	.BYTE 0x2
                 _printable_number:
000194           	.BYTE 0x10
                 _is_selecting:
0001a4           	.BYTE 0x2
                 __base_y_G100:
0001a6           	.BYTE 0x4
                 __lcd_x:
0001aa           	.BYTE 0x1
                 __lcd_y:
0001ab           	.BYTE 0x1
                 __lcd_maxx:
0001ac           	.BYTE 0x1
                 
                 	.CSEG
                 ;OPTIMIZER ADDED SUBROUTINE, CALLED 4 TIMES, CODE SIZE REDUCTION:3 WORDS
                 SUBOPT_0x0:
00040d 93fa      	ST   -Y,R31
00040e 93ea      	ST   -Y,R30
00040f 940c 0470 	JMP  _delay_ms
                 
                 ;OPTIMIZER ADDED SUBROUTINE, CALLED 3 TIMES, CODE SIZE REDUCTION:1 WORDS
                 SUBOPT_0x1:
000411 81e8      	LD   R30,Y
000412 81f9      	LDD  R31,Y+1
000413 81aa      	LDD  R26,Y+2
000414 81bb      	LDD  R27,Y+2+1
000415 9508      	RET
                 
                 ;OPTIMIZER ADDED SUBROUTINE, CALLED 2 TIMES, CODE SIZE REDUCTION:2 WORDS
                 SUBOPT_0x2:
000416 e0e0      	LDI  R30,LOW(0)
000417 93e0 0190 	STS  _number,R30
000419 93e0 0191 	STS  _number+1,R30
00041b 940c 01dc 	JMP  _lcd_clear
                 
                 ;OPTIMIZER ADDED SUBROUTINE, CALLED 7 TIMES, CODE SIZE REDUCTION:9 WORDS
                 SUBOPT_0x3:
00041d 91e0 0190 	LDS  R30,_number
00041f 91f0 0191 	LDS  R31,_number+1
000421 9508      	RET
                 
                 ;OPTIMIZER ADDED SUBROUTINE, CALLED 4 TIMES, CODE SIZE REDUCTION:21 WORDS
                 SUBOPT_0x4:
000422 91e0 0192 	LDS  R30,_oprand
000424 91f0 0193 	LDS  R31,_oprand+1
000426 93fa      	ST   -Y,R31
000427 93ea      	ST   -Y,R30
000428 dff4      	RCALL SUBOPT_0x3
000429 93fa      	ST   -Y,R31
00042a 93ea      	ST   -Y,R30
00042b 9508      	RET
                 
                 ;OPTIMIZER ADDED SUBROUTINE, CALLED 5 TIMES, CODE SIZE REDUCTION:5 WORDS
                 SUBOPT_0x5:
00042c 93e0 0190 	STS  _number,R30
00042e 93f0 0191 	STS  _number+1,R31
000430 9508      	RET
                 
                 ;OPTIMIZER ADDED SUBROUTINE, CALLED 2 TIMES, CODE SIZE REDUCTION:2 WORDS
                 SUBOPT_0x6:
000431 93ea      	ST   -Y,R30
000432 940e 01bd 	CALL __lcd_write_data
000434 e0e3      	LDI  R30,LOW(3)
000435 e0f0      	LDI  R31,HIGH(3)
000436 cfd6      	RJMP SUBOPT_0x0
                 
                 ;OPTIMIZER ADDED SUBROUTINE, CALLED 3 TIMES, CODE SIZE REDUCTION:9 WORDS
                 SUBOPT_0x7:
000437 e3e0      	LDI  R30,LOW(48)
000438 93ea      	ST   -Y,R30
000439 940e 0199 	CALL __lcd_write_nibble_G100
                +
00043b ee88     +LDI R24 , LOW ( 1000 )
00043c e093     +LDI R25 , HIGH ( 1000 )
                +__DELAY_USW_LOOP :
00043d 9701     +SBIW R24 , 1
00043e f7f1     +BRNE __DELAY_USW_LOOP
                 	__DELAY_USW 1000
00043f 9508      	RET
                 
                 ;OPTIMIZER ADDED SUBROUTINE, CALLED 5 TIMES, CODE SIZE REDUCTION:21 WORDS
                 SUBOPT_0x8:
000440 932a      	ST   -Y,R18
000441 85ed      	LDD  R30,Y+13
000442 85fe      	LDD  R31,Y+13+1
000443 93fa      	ST   -Y,R31
000444 93ea      	ST   -Y,R30
000445 89e9      	LDD  R30,Y+17
000446 89fa      	LDD  R31,Y+17+1
000447 9509      	ICALL
000448 9508      	RET
                 
                 ;OPTIMIZER ADDED SUBROUTINE, CALLED 5 TIMES, CODE SIZE REDUCTION:9 WORDS
                 SUBOPT_0x9:
000449 89e8      	LDD  R30,Y+16
00044a 89f9      	LDD  R31,Y+16+1
00044b 9734      	SBIW R30,4
00044c 8be8      	STD  Y+16,R30
00044d 8bf9      	STD  Y+16+1,R31
00044e 9508      	RET
                 
                 ;OPTIMIZER ADDED SUBROUTINE, CALLED 3 TIMES, CODE SIZE REDUCTION:7 WORDS
                 SUBOPT_0xA:
00044f 85ed      	LDD  R30,Y+13
000450 85fe      	LDD  R31,Y+13+1
000451 93fa      	ST   -Y,R31
000452 93ea      	ST   -Y,R30
000453 89e9      	LDD  R30,Y+17
000454 89fa      	LDD  R31,Y+17+1
000455 9509      	ICALL
000456 9508      	RET
                 
                 ;OPTIMIZER ADDED SUBROUTINE, CALLED 2 TIMES, CODE SIZE REDUCTION:6 WORDS
                 SUBOPT_0xB:
000457 89a8      	LDD  R26,Y+16
000458 89b9      	LDD  R27,Y+16+1
000459 9614      	ADIW R26,4
00045a 940e 04bc 	CALL __GETW1P
00045c 83ee      	STD  Y+6,R30
00045d 83ff      	STD  Y+6+1,R31
00045e 93fa      	ST   -Y,R31
00045f 93ea      	ST   -Y,R30
000460 9508      	RET
                 
                 ;OPTIMIZER ADDED SUBROUTINE, CALLED 2 TIMES, CODE SIZE REDUCTION:2 WORDS
                 SUBOPT_0xC:
000461 89a8      	LDD  R26,Y+16
000462 89b9      	LDD  R27,Y+16+1
000463 9614      	ADIW R26,4
000464 940e 04bc 	CALL __GETW1P
000466 87ea      	STD  Y+10,R30
000467 87fb      	STD  Y+10+1,R31
000468 9508      	RET
                 
                 ;OPTIMIZER ADDED SUBROUTINE, CALLED 2 TIMES, CODE SIZE REDUCTION:1 WORDS
                 SUBOPT_0xD:
000469 01de      	MOVW R26,R28
00046a 961c      	ADIW R26,12
00046b 940e 047c 	CALL __ADDW2R15
00046d 940e 04bc 	CALL __GETW1P
00046f 9508      	RET
                 
                 
                 	.CSEG
                 _delay_ms:
000470 91e9      	ld   r30,y+
000471 91f9      	ld   r31,y+
000472 9630      	adiw r30,0
000473 f039      	breq __delay_ms1
                 __delay_ms0:
                +
000474 e180     +LDI R24 , LOW ( 0x2710 )
000475 e297     +LDI R25 , HIGH ( 0x2710 )
                +__DELAY_USW_LOOP :
000476 9701     +SBIW R24 , 1
000477 f7f1     +BRNE __DELAY_USW_LOOP
                 	__DELAY_USW 0x2710
000478 95a8      	wdr
000479 9731      	sbiw r30,1
00047a f7c9      	brne __delay_ms0
                 __delay_ms1:
00047b 9508      	ret
                 
                 __ADDW2R15:
00047c 2400      	CLR  R0
00047d 0daf      	ADD  R26,R15
00047e 1db0      	ADC  R27,R0
00047f 9508      	RET
                 
                 __ANEGW1:
000480 95f1      	NEG  R31
000481 95e1      	NEG  R30
000482 40f0      	SBCI R31,0
000483 9508      	RET
                 
                 __CWD1:
000484 2f6f      	MOV  R22,R31
000485 0f66      	ADD  R22,R22
000486 0b66      	SBC  R22,R22
000487 2f76      	MOV  R23,R22
000488 9508      	RET
                 
                 __MULW12U:
000489 9ffa      	MUL  R31,R26
00048a 2df0      	MOV  R31,R0
00048b 9feb      	MUL  R30,R27
00048c 0df0      	ADD  R31,R0
00048d 9fea      	MUL  R30,R26
00048e 2de0      	MOV  R30,R0
00048f 0df1      	ADD  R31,R1
000490 9508      	RET
                 
                 __MULW12:
000491 d01c      	RCALL __CHKSIGNW
000492 dff6      	RCALL __MULW12U
000493 f40e      	BRTC __MULW121
000494 dfeb      	RCALL __ANEGW1
                 __MULW121:
000495 9508      	RET
                 
                 __DIVW21U:
000496 2400      	CLR  R0
000497 2411      	CLR  R1
000498 e190      	LDI  R25,16
                 __DIVW21U1:
000499 0faa      	LSL  R26
00049a 1fbb      	ROL  R27
00049b 1c00      	ROL  R0
00049c 1c11      	ROL  R1
00049d 1a0e      	SUB  R0,R30
00049e 0a1f      	SBC  R1,R31
00049f f418      	BRCC __DIVW21U2
0004a0 0e0e      	ADD  R0,R30
0004a1 1e1f      	ADC  R1,R31
0004a2 c001      	RJMP __DIVW21U3
                 __DIVW21U2:
0004a3 60a1      	SBR  R26,1
                 __DIVW21U3:
0004a4 959a      	DEC  R25
0004a5 f799      	BRNE __DIVW21U1
0004a6 01fd      	MOVW R30,R26
0004a7 01d0      	MOVW R26,R0
0004a8 9508      	RET
                 
                 __DIVW21:
0004a9 d004      	RCALL __CHKSIGNW
0004aa dfeb      	RCALL __DIVW21U
0004ab f40e      	BRTC __DIVW211
0004ac dfd3      	RCALL __ANEGW1
                 __DIVW211:
0004ad 9508      	RET
                 
                 __CHKSIGNW:
0004ae 94e8      	CLT
0004af fff7      	SBRS R31,7
0004b0 c002      	RJMP __CHKSW1
0004b1 dfce      	RCALL __ANEGW1
0004b2 9468      	SET
                 __CHKSW1:
0004b3 ffb7      	SBRS R27,7
0004b4 c006      	RJMP __CHKSW2
0004b5 95a0      	COM  R26
0004b6 95b0      	COM  R27
0004b7 9611      	ADIW R26,1
0004b8 f800      	BLD  R0,0
0004b9 9403      	INC  R0
0004ba fa00      	BST  R0,0
                 __CHKSW2:
0004bb 9508      	RET
                 
                 __GETW1P:
0004bc 91ed      	LD   R30,X+
0004bd 91fc      	LD   R31,X
0004be 9711      	SBIW R26,1
0004bf 9508      	RET
                 
                 __GETW1PF:
0004c0 9005      	LPM  R0,Z+
0004c1 91f4      	LPM  R31,Z
0004c2 2de0      	MOV  R30,R0
0004c3 9508      	RET
                 
                 __PUTPARD1:
0004c4 937a      	ST   -Y,R23
0004c5 936a      	ST   -Y,R22
0004c6 93fa      	ST   -Y,R31
0004c7 93ea      	ST   -Y,R30
0004c8 9508      	RET
                 
                 __SAVELOCR6:
0004c9 935a      	ST   -Y,R21
                 __SAVELOCR5:
0004ca 934a      	ST   -Y,R20
                 __SAVELOCR4:
0004cb 933a      	ST   -Y,R19
                 __SAVELOCR3:
0004cc 932a      	ST   -Y,R18
                 __SAVELOCR2:
0004cd 931a      	ST   -Y,R17
0004ce 930a      	ST   -Y,R16
0004cf 9508      	RET
                 
                 __LOADLOCR6:
0004d0 815d      	LDD  R21,Y+5
                 __LOADLOCR5:
0004d1 814c      	LDD  R20,Y+4
                 __LOADLOCR4:
0004d2 813b      	LDD  R19,Y+3
                 __LOADLOCR3:
0004d3 812a      	LDD  R18,Y+2
                 __LOADLOCR2:
0004d4 8119      	LDD  R17,Y+1
0004d5 8108      	LD   R16,Y
0004d6 9508      	RET
                 
                 ;END OF CODE MARKER
                 __END_OF_CODE:


RESOURCE USE INFORMATION
------------------------

Notice:
The register and instruction counts are symbol table hit counts,
and hence implicitly used resources are not counted, eg, the
'lpm' instruction without operands implicitly uses r0 and z,
none of which are counted.

x,y,z are separate entities in the symbol table and are
counted separately from r26..r31 here.

.dseg memory usage only counts static data declared with .byte

ATmega16 register use summary:
r0 :  24 r1 :   6 r2 :   0 r3 :   0 r4 :   6 r5 :   8 r6 :   8 r7 :   5 
r8 :   2 r9 :   2 r10:   2 r11:   1 r12:   3 r13:   2 r14:   0 r15:   4 
r16:  34 r17:  24 r18:  29 r19:   8 r20:   9 r21:  17 r22:  11 r23:   2 
r24:  23 r25:   8 r26:  82 r27:  42 r28:  15 r29:   1 r30: 313 r31: 101 
x  :  24 y  : 193 z  :  15 
Registers used: 32 out of 35 (91.4%)

ATmega16 instruction use summary:
.lds  :   0 .lds.l:   0 .sts  :   0 .sts.l:   0 adc   :   6 add   :  11 
adiw  :  27 and   :   2 andi  :   8 asr   :   0 bclr  :   0 bld   :   1 
brbc  :   0 brbs  :   0 brcc  :   1 brcs  :   0 break :   0 breq  :  25 
brge  :   1 brhc  :   0 brhs  :   0 brid  :   0 brie  :   0 brlo  :   8 
brlt  :   2 brmi  :   1 brne  :  40 brpl  :   1 brsh  :   2 brtc  :   2 
brts  :   0 brvc  :   0 brvs  :   0 bset  :   0 bst   :   1 call  :  71 
cbi   :   9 cbr   :   0 clc   :   0 clh   :   0 cli   :   1 cln   :   0 
clr   :  13 cls   :   0 clt   :   1 clv   :   0 clz   :   0 com   :   2 
cp    :  17 cpc   :   6 cpi   :  34 cpse  :   0 dec   :   5 des   :   0 
eor   :   0 fmul  :   0 fmuls :   0 fmulsu:   0 icall :   2 ijmp  :   0 
in    :   2 inc   :   1 jmp   :  29 ld    :  34 ldd   :  79 ldi   : 122 
lds   :  12 lpm   :  14 lsl   :   2 lsr   :   0 mov   :  19 movw  :  21 
mul   :   4 muls  :   0 mulsu :   0 neg   :   2 nop   :   0 or    :   1 
ori   :   6 out   :  46 pop   :   1 push  :   1 rcall :  32 ret   :  38 
reti  :   0 rjmp  :  76 rol   :   4 ror   :   0 sbc   :   4 sbci  :   2 
sbi   :  13 sbic  :   0 sbis  :   0 sbiw  :  21 sbr   :   1 sbrc  :   2 
sbrs  :  12 sec   :   0 seh   :   0 sei   :   0 sen   :   0 ser   :   0 
ses   :   0 set   :   1 sev   :   0 sez   :   0 sleep :   0 spm   :   0 
st    :  76 std   :  31 sts   :  21 sub   :   3 subi  :  18 swap  :   1 
tst   :   4 wdr   :   1 
Instructions used: 66 out of 116 (56.9%)

ATmega16 memory use summary [bytes]:
Segment   Begin    End      Code   Data   Used    Size   Use%
---------------------------------------------------------------
[.cseg] 0x000000 0x0009ae   2376    102   2478   16384  15.1%
[.dseg] 0x000060 0x0001ad      0     77     77    1119   6.9%
[.eseg] 0x000000 0x000000      0      0      0     512   0.0%

Assembly complete, 0 errors, 8 warnings
